============================= test session starts =============================
platform win32 -- Python 3.13.9, pytest-8.4.2, pluggy-1.6.0 -- D:\dev\AI_Podcast_Creator\venv\Scripts\python.exe
cachedir: .pytest_cache
rootdir: D:\dev\AI_Podcast_Creator
configfile: pytest.ini
testpaths: tests
collecting ... collected 882 items / 1 skipped

tests/e2e/test_complete_workflows.py::TestCompleteWorkflows::test_text_to_audio_workflow SKIPPED [  0%]
tests/e2e/test_complete_workflows.py::TestCompleteWorkflows::test_script_with_music_cues_workflow PASSED [  0%]
tests/e2e/test_complete_workflows.py::TestCompleteWorkflows::test_audio_to_video_workflow PASSED [  0%]
tests/e2e/test_complete_workflows.py::TestCompleteWorkflows::test_full_podcast_creation_workflow SKIPPED [  0%]
tests/e2e/test_complete_workflows.py::TestCompleteWorkflows::test_multiple_podcasts_workflow SKIPPED [  0%]
tests/e2e/test_complete_workflows.py::TestErrorRecoveryWorkflows::test_invalid_script_handling PASSED [  0%]
tests/e2e/test_complete_workflows.py::TestErrorRecoveryWorkflows::test_tts_failure_recovery PASSED [  0%]
tests/e2e/test_complete_workflows.py::TestErrorRecoveryWorkflows::test_missing_audio_file_handling PASSED [  0%]
tests/e2e/test_complete_workflows.py::TestErrorRecoveryWorkflows::test_audio_mixer_fallback_when_processing_fails PASSED [  1%]
tests/e2e/test_complete_workflows.py::TestErrorRecoveryWorkflows::test_video_composer_fallback_when_moviepy_missing PASSED [  1%]
tests/e2e/test_complete_workflows.py::TestPerformanceWorkflows::test_caching_improves_performance SKIPPED [  1%]
tests/e2e/test_complete_workflows.py::TestPerformanceWorkflows::test_batch_processing_workflow SKIPPED [  1%]
tests/e2e/test_complete_workflows.py::TestConfigurationWorkflows::test_different_resolutions_workflow PASSED [  1%]
tests/e2e/test_complete_workflows.py::TestConfigurationWorkflows::test_custom_cache_directory_workflow PASSED [  1%]
tests/integration/test_alternate_pipelines.py::test_audio_only_minimal_pipeline PASSED [  1%]
tests/integration/test_alternate_pipelines.py::test_visualization_only_pipeline_without_avatar PASSED [  1%]
tests/integration/test_alternate_pipelines.py::test_sadtalker_fallback_pipeline PASSED [  1%]
tests/integration/test_alternate_pipelines.py::test_music_generator_cache_reuse PASSED [  2%]
tests/integration/test_core_integration_expansion.py::TestTTSEngineAudioMixerIntegration::test_tts_output_compatible_with_audio_mixer PASSED [  2%]
tests/integration/test_core_integration_expansion.py::TestScriptParserVideoComposerIntegration::test_parsed_script_metadata_used_in_video PASSED [  2%]
tests/integration/test_core_integration_expansion.py::TestMusicGeneratorTTSEngineIntegration::test_music_and_tts_can_be_mixed PASSED [  2%]
tests/integration/test_core_integration_expansion.py::TestAudioVisualizerVideoComposerIntegration::test_visualization_can_be_overlaid_on_video PASSED [  2%]
tests/integration/test_core_integration_expansion.py::TestCompletePipelineIntegration::test_full_pipeline_with_music_cues PASSED [  2%]
tests/integration/test_core_integration_expansion.py::TestErrorPropagationIntegration::test_tts_error_handled_in_pipeline PASSED [  2%]
tests/integration/test_core_integration_expansion.py::TestErrorPropagationIntegration::test_music_generator_error_handled PASSED [  2%]
tests/integration/test_gpu_integration.py::TestGPUIntegration::test_gpu_manager_initialization PASSED [  2%]
tests/integration/test_gpu_integration.py::TestGPUIntegration::test_tts_engine_gpu_detection PASSED [  3%]
tests/integration/test_gpu_integration.py::TestGPUIntegration::test_avatar_generator_gpu_detection PASSED [  3%]
tests/integration/test_gpu_integration.py::TestGPUIntegration::test_music_generator_gpu_detection PASSED [  3%]
tests/integration/test_gpu_integration.py::TestGPUIntegration::test_audio_visualizer_gpu_encoding PASSED [  3%]
tests/integration/test_gpu_integration.py::TestGPUIntegration::test_video_composer_gpu_encoding PASSED [  3%]
tests/integration/test_gpu_integration.py::TestGPUIntegration::test_avatar_generator_gpu_workflow SKIPPED [  3%]
tests/integration/test_gpu_integration.py::TestGPUIntegration::test_gpu_manager_performance_config PASSED [  3%]
tests/integration/test_gpu_integration.py::TestGPUIntegration::test_gpu_manager_memory_management PASSED [  3%]
tests/integration/test_gpu_integration.py::TestGPUIntegration::test_gpu_manager_utilization PASSED [  3%]
tests/integration/test_gpu_integration.py::TestGPUIntegration::test_coqui_tts_gpu_integration SKIPPED [  4%]
tests/integration/test_gpu_integration.py::TestGPUIntegration::test_musicgen_gpu_integration SKIPPED [  4%]
tests/integration/test_gpu_integration.py::TestGPUIntegration::test_gpu_fallback_to_cpu PASSED [  4%]
tests/integration/test_pipeline.py::TestBasicPipeline::test_end_to_end_audio_only SKIPPED [  4%]
tests/integration/test_pipeline.py::TestBasicPipeline::test_script_to_audio_workflow SKIPPED [  4%]
tests/integration/test_pipeline.py::TestGPUPipeline::test_gpu_tts_generation SKIPPED [  4%]
tests/integration/test_pipeline.py::TestGPUPipeline::test_gpu_music_generation SKIPPED [  4%]
tests/integration/test_pipeline.py::TestErrorHandling::test_invalid_script_handling PASSED [  4%]
tests/integration/test_pipeline.py::TestErrorHandling::test_missing_file_handling PASSED [  4%]
tests/integration/test_pipeline.py::TestErrorHandling::test_audio_mixer_empty_input PASSED [  5%]
tests/integration/test_pipeline.py::TestSmokeTests::test_all_modules_import PASSED [  5%]
tests/integration/test_pipeline.py::TestSmokeTests::test_gpu_utils_available PASSED [  5%]
tests/integration/test_pipeline.py::TestSmokeTests::test_config_loads PASSED [  5%]
tests/integration/test_tts_integration.py::TestTTSIntegration::test_gtts_real_generation SKIPPED [  5%]
tests/integration/test_tts_integration.py::TestTTSIntegration::test_gtts_multiple_generations SKIPPED [  5%]
tests/integration/test_tts_integration.py::TestTTSIntegration::test_gtts_empty_text_handling PASSED [  5%]
tests/integration/test_tts_integration.py::TestTTSIntegration::test_gtts_special_characters SKIPPED [  5%]
tests/integration/test_tts_integration.py::TestTTSIntegration::test_gtts_british_vs_american_accent SKIPPED [  6%]
tests/integration/test_tts_integration.py::TestTTSIntegration::test_cache_directory_organization SKIPPED [  6%]
tests/integration/test_tts_integration.py::TestTTSIntegration::test_gpu_manager_integration SKIPPED [  6%]
tests/integration/test_tts_integration.py::TestTTSIntegration::test_concurrent_generations SKIPPED [  6%]
tests/integration/test_tts_integration.py::TestPyttsx3Integration::test_pyttsx3_generation SKIPPED [  6%]
tests/integration/test_video_integration.py::TestVideoCompositionIntegration::test_basic_video_composition PASSED [  6%]
tests/integration/test_video_integration.py::TestVideoCompositionIntegration::test_custom_resolution_workflow PASSED [  6%]
tests/integration/test_video_integration.py::TestVideoCompositionIntegration::test_visualization_workflow SKIPPED [  6%]
tests/integration/test_video_integration.py::TestVideoCompositionIntegration::test_background_image_workflow PASSED [  6%]
tests/integration/test_video_integration.py::TestVideoCompositionIntegration::test_audio_duration_handling PASSED [  7%]
tests/integration/test_video_integration.py::TestVideoCompositionIntegration::test_output_directory_creation PASSED [  7%]
tests/integration/test_video_integration.py::TestVideoCompositionIntegration::test_timestamp_generation PASSED [  7%]
tests/integration/test_video_integration.py::TestVideoCompositionIntegration::test_error_handling_missing_audio PASSED [  7%]
tests/integration/test_video_integration.py::TestVideoCompositionIntegration::test_error_handling_corrupted_mp3 PASSED [  7%]
tests/integration/test_video_integration.py::TestVideoCompositionIntegration::test_error_handling_empty_mp3 PASSED [  7%]
tests/integration/test_video_integration.py::TestVideoAvatarIntegration::test_avatar_with_visualization_overlay PASSED [  7%]
tests/integration/test_waveform_avatar_pipeline.py::test_waveform_avatar_pipeline PASSED [  7%]
tests/performance/test_performance.py::test_script_parser_parse_speed SKIPPED [  7%]
tests/performance/test_performance.py::test_tts_cache_key_generation_speed SKIPPED [  8%]
tests/performance/test_performance.py::test_audio_mixer_mix_speed SKIPPED [  8%]
tests/property/test_property_based_examples.py::TestScriptParserProperties::test_parse_never_crashes PASSED [  8%]
tests/property/test_property_based_examples.py::TestScriptParserProperties::test_parse_output_structure PASSED [  8%]
tests/property/test_property_based_examples.py::TestScriptParserProperties::test_music_cues_count PASSED [  8%]
tests/property/test_property_based_examples.py::TestTTSCacheKeyProperties::test_same_text_same_key PASSED [  8%]
tests/property/test_property_based_examples.py::TestTTSCacheKeyProperties::test_different_text_different_key PASSED [  8%]
tests/property/test_property_based_examples.py::TestTTSCacheKeyProperties::test_cache_key_format PASSED [  8%]
tests/property/test_property_based_examples.py::TestStringValidationProperties::test_title_extraction_robustness PASSED [  8%]
tests/property/test_property_based_examples.py::TestStringValidationProperties::test_character_count_property PASSED [  9%]
tests/property/test_property_based_examples.py::TestEdgeCaseDiscovery::test_unicode_handling PASSED [  9%]
tests/property/test_property_based_examples.py::TestEdgeCaseDiscovery::test_concatenation_property PASSED [  9%]
tests/property/test_property_based_expansion.py::TestScriptParserPropertyBased::test_parse_always_returns_dict PASSED [  9%]
tests/property/test_property_based_expansion.py::TestScriptParserPropertyBased::test_title_extraction_property PASSED [  9%]
tests/property/test_property_based_expansion.py::TestScriptParserPropertyBased::test_music_cue_count_property PASSED [  9%]
tests/property/test_property_based_expansion.py::TestScriptParserPropertyBased::test_parse_handles_long_content PASSED [  9%]
tests/property/test_property_based_expansion.py::TestTTSEnginePropertyBased::test_cache_key_consistency_property PASSED [  9%]
tests/property/test_property_based_expansion.py::TestTTSEnginePropertyBased::test_cache_key_uniqueness_property PASSED [  9%]
tests/property/test_property_based_expansion.py::TestAudioMixerPropertyBased::test_mix_handles_various_durations PASSED [ 10%]
tests/property/test_property_based_expansion.py::TestMusicGeneratorPropertyBased::test_cache_key_property PASSED [ 10%]
tests/property/test_property_based_expansion.py::TestMusicGeneratorPropertyBased::test_generate_handles_various_descriptions PASSED [ 10%]
tests/property/test_property_based_expansion.py::TestVideoComposerPropertyBased::test_compose_handles_various_resolutions PASSED [ 10%]
tests/property/test_property_based_expansion.py::TestVideoComposerPropertyBased::test_compose_handles_various_output_names PASSED [ 10%]
tests/property/test_property_based_expansion.py::TestAudioVisualizerPropertyBased::test_all_styles_generate_frames SKIPPED [ 10%]
tests/property/test_property_based_expansion.py::TestAudioVisualizerPropertyBased::test_color_interpolation_property PASSED [ 10%]
tests/test_script_parser.py::test_parse_simple_script PASSED             [ 10%]
tests/test_script_parser.py::test_parse_with_music_cues PASSED           [ 10%]
tests/test_script_parser.py::test_validate_empty_script PASSED           [ 11%]
tests/test_script_parser.py::test_validate_long_script PASSED            [ 11%]
tests/unit/test_audio_mixer.py::TestAudioMixerInit::test_init PASSED     [ 11%]
tests/unit/test_audio_mixer.py::TestAudioMixerInit::test_init_creates_output_dir PASSED [ 11%]
tests/unit/test_audio_mixer.py::TestAudioMixerInit::test_init_with_ducking_config PASSED [ 11%]
tests/unit/test_audio_mixer.py::TestAudioMixerMixNoMusic::test_mix_voice_only PASSED [ 11%]
tests/unit/test_audio_mixer.py::TestAudioMixerMixNoMusic::test_mix_music_path_not_exists PASSED [ 11%]
tests/unit/test_audio_mixer.py::TestAudioMixerMixWithMusic::test_mix_with_music_success PASSED [ 11%]
tests/unit/test_audio_mixer.py::TestAudioMixerMixWithMusic::test_mix_with_music_offset PASSED [ 12%]
tests/unit/test_audio_mixer.py::TestAudioMixerMixWithMusic::test_mix_music_offset_exceeds_length PASSED [ 12%]
tests/unit/test_audio_mixer.py::TestAudioMixerMixWithMusic::test_mix_music_shorter_than_voice_loops PASSED [ 12%]
tests/unit/test_audio_mixer.py::TestAudioMixerMixWithMusic::test_mix_with_ducking_config PASSED [ 12%]
tests/unit/test_audio_mixer.py::TestAudioMixerErrorHandling::test_mix_import_error_fallback PASSED [ 12%]
tests/unit/test_audio_mixer.py::TestAudioMixerErrorHandling::test_mix_generic_exception_fallback PASSED [ 12%]
tests/unit/test_audio_mixer.py::TestAudioMixerDuckingMethod::test_apply_ducking PASSED [ 12%]
tests/unit/test_audio_mixer.py::test_music_offset_calculation[0.0-0] PASSED [ 12%]
tests/unit/test_audio_mixer.py::test_music_offset_calculation[5.0-5000] PASSED [ 12%]
tests/unit/test_audio_mixer.py::test_music_offset_calculation[10.5-10500] PASSED [ 13%]
tests/unit/test_audio_mixer.py::test_mix_voice_load_error PASSED         [ 13%]
tests/unit/test_audio_mixer.py::test_mix_music_load_error PASSED         [ 13%]
tests/unit/test_audio_mixer.py::test_mix_overlay_error PASSED            [ 13%]
tests/unit/test_audio_mixer.py::test_mix_export_error PASSED             [ 13%]
tests/unit/test_audio_mixer.py::test_mix_zero_offset PASSED              [ 13%]
tests/unit/test_audio_mixer.py::test_mix_voice_volume_adjustment PASSED  [ 13%]
tests/unit/test_audio_mixer.py::test_mix_music_longer_than_voice_no_loop PASSED [ 13%]
tests/unit/test_audio_visualizer.py::TestAudioVisualizerInit::test_init_default_config PASSED [ 13%]
tests/unit/test_audio_visualizer.py::TestAudioVisualizerInit::test_init_custom_style PASSED [ 14%]
tests/unit/test_audio_visualizer.py::TestAudioVisualizerInit::test_init_custom_colors PASSED [ 14%]
tests/unit/test_audio_visualizer.py::TestAudioVisualizerInit::test_init_custom_sensitivity PASSED [ 14%]
tests/unit/test_audio_visualizer.py::TestColorInterpolation::test_interpolate_color_start PASSED [ 14%]
tests/unit/test_audio_visualizer.py::TestColorInterpolation::test_interpolate_color_end PASSED [ 14%]
tests/unit/test_audio_visualizer.py::TestColorInterpolation::test_interpolate_color_midpoint PASSED [ 14%]
tests/unit/test_audio_visualizer.py::TestColorInterpolation::test_interpolate_color_values PASSED [ 14%]
tests/unit/test_audio_visualizer.py::TestWaveformGeneration::test_generate_waveform_frames PASSED [ 14%]
tests/unit/test_audio_visualizer.py::TestWaveformGeneration::test_generate_waveform_small_audio PASSED [ 14%]
tests/unit/test_audio_visualizer.py::TestWaveformHelpers::test_get_orientation_manual_override PASSED [ 15%]
tests/unit/test_audio_visualizer.py::TestWaveformHelpers::test_get_orientation_auto_detection PASSED [ 15%]
tests/unit/test_audio_visualizer.py::TestWaveformHelpers::test_rotate_points_quarter_turn PASSED [ 15%]
tests/unit/test_audio_visualizer.py::TestAdvancedWaveformRendering::test_amplitude_multiplier_propagates PASSED [ 15%]
tests/unit/test_audio_visualizer.py::TestAdvancedWaveformRendering::test_opencv_rendering_multiline_configuration PASSED [ 15%]
tests/unit/test_audio_visualizer.py::TestSpectrumGeneration::test_generate_spectrum_frames SKIPPED [ 15%]
tests/unit/test_audio_visualizer.py::TestCircularGeneration::test_generate_circular_frames PASSED [ 15%]
tests/unit/test_audio_visualizer.py::TestParticleGeneration::test_generate_particle_frames PASSED [ 15%]
tests/unit/test_audio_visualizer.py::TestStyleSelection::test_waveform_style_selected PASSED [ 15%]
tests/unit/test_audio_visualizer.py::TestStyleSelection::test_spectrum_style_selected PASSED [ 16%]
tests/unit/test_audio_visualizer.py::TestStyleSelection::test_circular_style_selected PASSED [ 16%]
tests/unit/test_audio_visualizer.py::TestStyleSelection::test_particles_style_selected PASSED [ 16%]
tests/unit/test_audio_visualizer.py::TestEdgeCases::test_resolution_config PASSED [ 16%]
tests/unit/test_audio_visualizer.py::TestEdgeCases::test_fps_config PASSED [ 16%]
tests/unit/test_audio_visualizer.py::TestEdgeCases::test_default_style_fallback PASSED [ 16%]
tests/unit/test_audio_visualizer.py::TestEdgeCases::test_generate_visualization_calls_load_and_duration PASSED [ 16%]
tests/unit/test_audio_visualizer.py::TestEdgeCases::test_generate_visualization_spectrum_style PASSED [ 16%]
tests/unit/test_audio_visualizer.py::TestEdgeCases::test_generate_visualization_particles_style PASSED [ 17%]
tests/unit/test_audio_visualizer.py::TestEdgeCases::test_generate_visualization_default_fallback PASSED [ 17%]
tests/unit/test_audio_visualizer.py::TestEdgeCases::test_generate_visualization_circular_style PASSED [ 17%]
tests/unit/test_audio_visualizer.py::TestEdgeCases::test_generate_visualization_print_statements PASSED [ 17%]
tests/unit/test_audio_visualizer.py::TestEdgeCases::test_waveform_sample_index_boundary PASSED [ 17%]
tests/unit/test_audio_visualizer.py::TestEdgeCases::test_circular_line_amplitude_zero PASSED [ 17%]
tests/unit/test_audio_visualizer.py::TestEdgeCases::test_output_directory_created PASSED [ 17%]
tests/unit/test_audio_visualizer.py::test_generate_visualization_dispatches_particles PASSED [ 17%]
tests/unit/test_audio_visualizer.py::test_generate_visualization_dispatches_circular PASSED [ 17%]
tests/unit/test_audio_visualizer.py::test_waveform_streaming_chunked_handles_librosa_failure PASSED [ 18%]
tests/unit/test_audio_visualizer.py::TestAudioVisualizerUncoveredMethods::test_randomize_config PASSED [ 18%]
tests/unit/test_audio_visualizer.py::TestAudioVisualizerUncoveredMethods::test_get_audio_duration_ffmpeg_success PASSED [ 18%]
tests/unit/test_audio_visualizer.py::TestAudioVisualizerUncoveredMethods::test_get_audio_duration_ffmpeg_failure PASSED [ 18%]
tests/unit/test_audio_visualizer.py::TestAudioVisualizerUncoveredMethods::test_get_audio_duration_ffmpeg_timeout PASSED [ 18%]
tests/unit/test_audio_visualizer.py::TestAudioVisualizerUncoveredMethods::test_cleanup_ffmpeg_process_none PASSED [ 18%]
tests/unit/test_audio_visualizer.py::TestAudioVisualizerUncoveredMethods::test_cleanup_ffmpeg_process_graceful PASSED [ 18%]
tests/unit/test_audio_visualizer.py::TestAudioVisualizerUncoveredMethods::test_cleanup_ffmpeg_process_force_kill PASSED [ 18%]
tests/unit/test_audio_visualizer.py::TestAudioVisualizerUncoveredMethods::test_cleanup_ffmpeg_process_terminate_exception PASSED [ 18%]
tests/unit/test_audio_visualizer.py::TestAudioVisualizerUncoveredMethods::test_interpolate_color PASSED [ 19%]
tests/unit/test_audio_visualizer.py::test_stream_frames_to_video_process_dies PASSED [ 19%]
tests/unit/test_audio_visualizer.py::test_stream_frames_to_video_timeout_final_encoding PASSED [ 19%]
tests/unit/test_audio_visualizer.py::test_stream_frames_to_video_broken_pipe PASSED [ 19%]
tests/unit/test_audio_visualizer.py::test_stream_frames_to_video_ffmpeg_error_detection SKIPPED [ 19%]
tests/unit/test_audio_visualizer.py::test_stream_frames_to_video_nonzero_returncode PASSED [ 19%]
tests/unit/test_audio_visualizer.py::test_waveform_centered_no_samples_fallback PASSED [ 19%]
tests/unit/test_audio_visualizer.py::test_waveform_centered_bottom_baseline PASSED [ 19%]
tests/unit/test_audio_visualizer.py::test_waveform_centered_top_baseline PASSED [ 19%]
tests/unit/test_audio_visualizer.py::test_waveform_fixed_reference_zero_fallback PASSED [ 20%]
tests/unit/test_audio_visualizer.py::test_waveform_scaled_normalized_zero_fallback PASSED [ 20%]
tests/unit/test_audio_visualizer.py::test_waveform_points_fallback PASSED [ 20%]
tests/unit/test_audio_visualizer.py::test_vertical_waveform_sample_avg_fallback PASSED [ 20%]
tests/unit/test_audio_visualizer.py::test_pil_waveform_region_y_calculations PASSED [ 20%]
tests/unit/test_audio_visualizer.py::test_waveform_draw_line_condition PASSED [ 20%]
tests/unit/test_avatar_generator.py::TestAvatarGeneratorInit::test_init_with_sadtalker PASSED [ 20%]
tests/unit/test_avatar_generator.py::TestAvatarGeneratorInit::test_init_with_wav2lip PASSED [ 20%]
tests/unit/test_avatar_generator.py::TestAvatarGeneratorInit::test_init_with_did PASSED [ 20%]
tests/unit/test_avatar_generator.py::TestAvatarGeneratorSadTalker::test_generate_sadtalker_gpu SKIPPED [ 21%]
tests/unit/test_avatar_generator.py::TestAvatarGeneratorSadTalker::test_generate_sadtalker_cpu PASSED [ 21%]
tests/unit/test_avatar_generator.py::TestAvatarGeneratorSadTalker::test_sadtalker_with_enhancer PASSED [ 21%]
tests/unit/test_avatar_generator.py::TestAvatarGeneratorWav2Lip::test_generate_wav2lip_gpu SKIPPED [ 21%]
tests/unit/test_avatar_generator.py::TestAvatarGeneratorWav2Lip::test_generate_wav2lip_cpu PASSED [ 21%]
tests/unit/test_avatar_generator.py::TestAvatarGeneratorDID::test_generate_did PASSED [ 21%]
tests/unit/test_avatar_generator.py::TestAvatarGeneratorDID::test_did_with_timeout PASSED [ 21%]
tests/unit/test_avatar_generator.py::TestAvatarGeneratorCaching::test_output_directory_creation PASSED [ 21%]
tests/unit/test_avatar_generator.py::TestAvatarGeneratorCaching::test_models_directory_creation PASSED [ 21%]
tests/unit/test_avatar_generator.py::TestAvatarGeneratorFallback::test_create_fallback_video PASSED [ 22%]
tests/unit/test_avatar_generator.py::TestAvatarGeneratorFallback::test_fallback_without_source_image PASSED [ 22%]
tests/unit/test_avatar_generator.py::TestAvatarGeneratorErrorHandling::test_generate_with_missing_source_image PASSED [ 22%]
tests/unit/test_avatar_generator.py::TestAvatarGeneratorErrorHandling::test_generate_with_missing_audio PASSED [ 22%]
tests/unit/test_avatar_generator.py::TestAvatarGeneratorErrorHandling::test_did_with_invalid_api_key PASSED [ 22%]
tests/unit/test_avatar_generator.py::TestAvatarGeneratorErrorHandling::test_did_successful_generation PASSED [ 22%]
tests/unit/test_avatar_generator.py::TestAvatarGeneratorErrorHandling::test_did_no_talk_id PASSED [ 22%]
tests/unit/test_avatar_generator.py::TestAvatarGeneratorErrorHandling::test_did_status_check_fails PASSED [ 22%]
tests/unit/test_avatar_generator.py::TestAvatarGeneratorErrorHandling::test_did_status_error PASSED [ 23%]
tests/unit/test_avatar_generator.py::TestAvatarGeneratorErrorHandling::test_did_no_result_url PASSED [ 23%]
tests/unit/test_avatar_generator.py::TestAvatarGeneratorErrorHandling::test_did_video_download_fails PASSED [ 23%]
tests/unit/test_avatar_generator.py::TestAvatarGeneratorErrorHandling::test_did_exception_handling PASSED [ 23%]
tests/unit/test_avatar_generator.py::test_multiple_engines[sadtalker] PASSED [ 23%]
tests/unit/test_avatar_generator.py::test_multiple_engines[wav2lip] PASSED [ 23%]
tests/unit/test_avatar_generator.py::TestAvatarGeneratorEdgeCases::test_init_sadtalker_import_error PASSED [ 23%]
tests/unit/test_avatar_generator.py::TestAvatarGeneratorEdgeCases::test_init_wav2lip_model_not_exists PASSED [ 23%]
tests/unit/test_avatar_generator.py::TestAvatarGeneratorEdgeCases::test_init_wav2lip_model_download_fails PASSED [ 23%]
tests/unit/test_avatar_generator.py::TestAvatarGeneratorEdgeCases::test_init_wav2lip_import_error PASSED [ 24%]
tests/unit/test_avatar_generator.py::TestAvatarGeneratorEdgeCases::test_generate_sadtalker_no_result_files PASSED [ 24%]
tests/unit/test_avatar_generator.py::TestAvatarGeneratorEdgeCases::test_generate_sadtalker_with_result_files PASSED [ 24%]
tests/unit/test_avatar_generator.py::TestAvatarGeneratorEdgeCases::test_generate_wav2lip_error PASSED [ 24%]
tests/unit/test_avatar_generator.py::TestAvatarGeneratorEdgeCases::test_generate_wav2lip_exception PASSED [ 24%]
tests/unit/test_avatar_generator.py::TestAvatarGeneratorEdgeCases::test_generate_sadtalker_exception PASSED [ 24%]
tests/unit/test_avatar_generator.py::TestAvatarGeneratorEdgeCases::test_create_wav2lip_inference_script PASSED [ 24%]
tests/unit/test_avatar_generator.py::TestAvatarGeneratorEdgeCases::test_generate_sadtalker_path_not_exists PASSED [ 24%]
tests/unit/test_avatar_generator.py::TestAvatarGeneratorEdgeCases::test_generate_sadtalker_with_still_mode PASSED [ 24%]
tests/unit/test_avatar_generator.py::TestAvatarGeneratorEdgeCases::test_generate_wav2lip_creates_script PASSED [ 25%]
tests/unit/test_avatar_generator.py::TestAvatarGeneratorEdgeCases::test_download_wav2lip_model_success PASSED [ 25%]
tests/unit/test_avatar_generator.py::TestAvatarGeneratorEdgeCases::test_download_wav2lip_model_all_urls_fail PASSED [ 25%]
tests/unit/test_avatar_generator.py::TestAvatarGeneratorUncoveredMethods::test_get_file_monitor PASSED [ 25%]
tests/unit/test_avatar_generator.py::TestAvatarGeneratorUncoveredMethods::test_get_audio_duration_ffmpeg_success PASSED [ 25%]
tests/unit/test_avatar_generator.py::TestAvatarGeneratorUncoveredMethods::test_get_audio_duration_ffmpeg_failure PASSED [ 25%]
tests/unit/test_avatar_generator.py::TestAvatarGeneratorUncoveredMethods::test_get_audio_duration_ffmpeg_timeout PASSED [ 25%]
tests/unit/test_avatar_generator.py::TestAvatarGeneratorUncoveredMethods::test_create_wav2lip_inference_script PASSED [ 25%]
tests/unit/test_avatar_generator.py::test_generate_sadtalker_subprocess_failure PASSED [ 25%]
tests/unit/test_avatar_generator.py::test_generate_sadtalker_missing_sadtalker_path PASSED [ 26%]
tests/unit/test_avatar_generator.py::test_generate_wav2lip_subprocess_failure PASSED [ 26%]
tests/unit/test_avatar_generator.py::test_generate_did_api_error PASSED  [ 26%]
tests/unit/test_avatar_generator.py::test_download_wav2lip_model_all_urls_fail PASSED [ 26%]
tests/unit/test_avatar_generator.py::test_generate_wav2lip_audio_file_not_found PASSED [ 26%]
tests/unit/test_avatar_generator.py::test_generate_wav2lip_timeout_expired PASSED [ 26%]
tests/unit/test_avatar_generator.py::test_generate_wav2lip_non_zero_returncode PASSED [ 26%]
tests/unit/test_avatar_generator.py::test_generate_wav2lip_zero_returncode_no_output PASSED [ 26%]
tests/unit/test_avatar_generator.py::test_generate_wav2lip_exception_during_execution PASSED [ 26%]
tests/unit/test_avatar_generator_expansion.py::TestAvatarGeneratorInitialization::test_init_creates_output_directory PASSED [ 27%]
tests/unit/test_avatar_generator_expansion.py::TestAvatarGeneratorInitialization::test_init_creates_models_directory PASSED [ 27%]
tests/unit/test_avatar_generator_expansion.py::TestAvatarGeneratorInitialization::test_init_sets_source_image_from_config PASSED [ 27%]
tests/unit/test_avatar_generator_expansion.py::TestAvatarGeneratorInitialization::test_init_uses_default_source_image PASSED [ 27%]
tests/unit/test_avatar_generator_expansion.py::TestAvatarGeneratorInitialization::test_init_wav2lip_engine PASSED [ 27%]
tests/unit/test_avatar_generator_expansion.py::TestAvatarGeneratorInitialization::test_init_sadtalker_engine PASSED [ 27%]
tests/unit/test_avatar_generator_expansion.py::TestAvatarGeneratorInitialization::test_init_did_engine PASSED [ 27%]
tests/unit/test_avatar_generator_expansion.py::TestAvatarGeneratorGenerate::test_generate_wav2lip_path PASSED [ 27%]
tests/unit/test_avatar_generator_expansion.py::TestAvatarGeneratorGenerate::test_generate_sadtalker_path PASSED [ 28%]
tests/unit/test_avatar_generator_expansion.py::TestAvatarGeneratorGenerate::test_generate_did_path PASSED [ 28%]
tests/unit/test_avatar_generator_expansion.py::TestAvatarGeneratorGenerate::test_generate_output_path_format PASSED [ 28%]
tests/unit/test_avatar_generator_expansion.py::TestAvatarGeneratorFallback::test_create_fallback_video_with_moviepy PASSED [ 28%]
tests/unit/test_avatar_generator_expansion.py::TestAvatarGeneratorFallback::test_create_fallback_video_handles_missing_source_image PASSED [ 28%]
tests/unit/test_avatar_generator_expansion.py::TestAvatarGeneratorSadTalkerPaths::test_sadtalker_command_construction_with_still_mode PASSED [ 28%]
tests/unit/test_avatar_generator_expansion.py::TestAvatarGeneratorSadTalkerPaths::test_sadtalker_command_construction_with_expression_scale PASSED [ 28%]
tests/unit/test_avatar_generator_expansion.py::TestAvatarGeneratorSadTalkerPaths::test_sadtalker_fallback_on_subprocess_failure PASSED [ 28%]
tests/unit/test_avatar_generator_expansion.py::TestAvatarGeneratorWav2LipPaths::test_wav2lip_model_download_path PASSED [ 28%]
tests/unit/test_avatar_generator_expansion.py::TestAvatarGeneratorWav2LipPaths::test_wav2lip_with_model_path PASSED [ 29%]
tests/unit/test_avatar_generator_expansion.py::TestAvatarGeneratorDIDPaths::test_did_init_with_env_key PASSED [ 29%]
tests/unit/test_avatar_generator_expansion.py::TestAvatarGeneratorDIDPaths::test_did_init_with_config_key PASSED [ 29%]
tests/unit/test_avatar_generator_expansion.py::TestAvatarGeneratorDIDPaths::test_did_init_without_key PASSED [ 29%]
tests/unit/test_avatar_generator_focus.py::TestAvatarGeneratorSadTalkerFocused::test_generate_sadtalker_gpu PASSED [ 29%]
tests/unit/test_avatar_generator_focus.py::TestAvatarGeneratorSadTalkerFocused::test_generate_sadtalker_cpu PASSED [ 29%]
tests/unit/test_avatar_generator_focus.py::TestAvatarGeneratorSadTalkerFocused::test_sadtalker_with_enhancer PASSED [ 29%]
tests/unit/test_avatar_generator_focus.py::TestAvatarGeneratorWav2LipFocused::test_generate_wav2lip PASSED [ 29%]
tests/unit/test_cli_main.py::test_cli_create_missing_script PASSED       [ 29%]
tests/unit/test_cli_main.py::test_cli_create_audio_only_success PASSED   [ 30%]
tests/unit/test_cli_main.py::test_cli_create_waveform_overrides PASSED   [ 30%]
tests/unit/test_cli_main.py::test_cli_create_handles_mixer_failure PASSED [ 30%]
tests/unit/test_cli_main.py::test_cli_create_avatar_background_visualization PASSED [ 30%]
tests/unit/test_cli_main.py::test_cli_create_avatar_fallback_to_visualization PASSED [ 30%]
tests/unit/test_cli_main.py::test_cli_generate_face_success_when_device_available PASSED [ 30%]
tests/unit/test_cli_main.py::test_cli_create_preview_only_skips_pipeline PASSED [ 30%]
tests/unit/test_cli_main.py::test_cli_create_audio_only_with_music_file PASSED [ 30%]
tests/unit/test_cli_main.py::test_cli_create_with_avatar_visualize_background PASSED [ 30%]
tests/unit/test_config_comprehensive.py::TestLoadConfig::test_load_config_with_path PASSED [ 31%]
tests/unit/test_config_comprehensive.py::TestLoadConfig::test_load_config_default_path PASSED [ 31%]
tests/unit/test_config_comprehensive.py::TestLoadConfig::test_load_config_file_not_found PASSED [ 31%]
tests/unit/test_config_comprehensive.py::TestLoadConfig::test_load_config_with_env_vars PASSED [ 31%]
tests/unit/test_config_comprehensive.py::TestReplaceEnvVars::test_replace_simple_var PASSED [ 31%]
tests/unit/test_config_comprehensive.py::TestReplaceEnvVars::test_replace_missing_var PASSED [ 31%]
tests/unit/test_config_comprehensive.py::TestReplaceEnvVars::test_replace_in_dict PASSED [ 31%]
tests/unit/test_config_comprehensive.py::TestReplaceEnvVars::test_replace_in_list PASSED [ 31%]
tests/unit/test_config_comprehensive.py::TestReplaceEnvVars::test_replace_nested PASSED [ 31%]
tests/unit/test_config_comprehensive.py::TestReplaceEnvVars::test_replace_non_var_string PASSED [ 32%]
tests/unit/test_config_comprehensive.py::TestReplaceEnvVars::test_replace_number PASSED [ 32%]
tests/unit/test_config_comprehensive.py::TestReplaceEnvVars::test_replace_boolean PASSED [ 32%]
tests/unit/test_config_comprehensive.py::TestGetConfigValue::test_get_simple_value PASSED [ 32%]
tests/unit/test_config_comprehensive.py::TestGetConfigValue::test_get_nested_value PASSED [ 32%]
tests/unit/test_config_comprehensive.py::TestGetConfigValue::test_get_missing_value_returns_default PASSED [ 32%]
tests/unit/test_config_comprehensive.py::TestGetConfigValue::test_get_partial_path_returns_default PASSED [ 32%]
tests/unit/test_config_comprehensive.py::TestGetConfigValue::test_get_value_none_default PASSED [ 32%]
tests/unit/test_config_comprehensive.py::TestValidateConfig::test_validate_complete_config PASSED [ 32%]
tests/unit/test_config_comprehensive.py::TestValidateConfig::test_validate_missing_section PASSED [ 33%]
tests/unit/test_config_comprehensive.py::TestValidateConfig::test_validate_creates_directories PASSED [ 33%]
tests/unit/test_config_comprehensive.py::TestValidateConfig::test_validate_non_dir_paths_ignored PASSED [ 33%]
tests/unit/test_config_utils.py::TestLoadConfig::test_load_valid_yaml PASSED [ 33%]
tests/unit/test_config_utils.py::TestLoadConfig::test_load_nonexistent_file PASSED [ 33%]
tests/unit/test_config_utils.py::TestLoadConfig::test_load_invalid_yaml PASSED [ 33%]
tests/unit/test_config_utils.py::TestLoadConfig::test_load_empty_yaml PASSED [ 33%]
tests/unit/test_config_utils.py::TestLoadConfig::test_load_with_env_vars PASSED [ 33%]
tests/unit/test_config_utils.py::TestReplaceEnvVars::test_replace_single_var PASSED [ 34%]
tests/unit/test_config_utils.py::TestReplaceEnvVars::test_replace_nested_vars PASSED [ 34%]
tests/unit/test_config_utils.py::TestReplaceEnvVars::test_replace_in_list PASSED [ 34%]
tests/unit/test_config_utils.py::TestReplaceEnvVars::test_replace_undefined_var PASSED [ 34%]
tests/unit/test_config_utils.py::TestReplaceEnvVars::test_replace_non_string_values PASSED [ 34%]
tests/unit/test_config_utils.py::TestValidateConfig::test_validate_valid_config PASSED [ 34%]
tests/unit/test_config_utils.py::TestValidateConfig::test_validate_missing_required_keys PASSED [ 34%]
tests/unit/test_config_utils.py::TestValidateConfig::test_validate_creates_directories PASSED [ 34%]
tests/unit/test_config_utils.py::TestValidateConfig::test_validate_non_dir_paths_ignored PASSED [ 34%]
tests/unit/test_config_utils.py::TestGetConfigValue::test_get_simple_value PASSED [ 35%]
tests/unit/test_config_utils.py::TestGetConfigValue::test_get_nested_value PASSED [ 35%]
tests/unit/test_config_utils.py::TestGetConfigValue::test_get_missing_value_returns_default PASSED [ 35%]
tests/unit/test_config_utils.py::TestGetConfigValue::test_get_missing_section_returns_default PASSED [ 35%]
tests/unit/test_config_utils.py::TestGetConfigValue::test_get_top_level_value PASSED [ 35%]
tests/unit/test_config_utils.py::TestGetConfigValue::test_get_value_with_non_dict_intermediate PASSED [ 35%]
tests/unit/test_config_utils.py::test_get_config_value_parametrized[tts.engine-gtts] PASSED [ 35%]
tests/unit/test_config_utils.py::test_get_config_value_parametrized[music.engine-musicgen] PASSED [ 35%]
tests/unit/test_config_utils.py::test_get_config_value_parametrized[storage.output_dir-/tmp/output] PASSED [ 35%]
tests/unit/test_config_utils.py::test_get_config_value_parametrized[missing.key-None] PASSED [ 36%]
tests/unit/test_database.py::TestPodcastModel::test_podcast_creation SKIPPED [ 36%]
tests/unit/test_database.py::TestPodcastModel::test_podcast_default_status SKIPPED [ 36%]
tests/unit/test_database.py::TestPodcastModel::test_podcast_repr SKIPPED [ 36%]
tests/unit/test_database.py::TestPodcastModel::test_podcast_optional_fields SKIPPED [ 36%]
tests/unit/test_database.py::TestPodcastModel::test_podcast_created_at_default SKIPPED [ 36%]
tests/unit/test_database.py::TestMusicCueModel::test_music_cue_creation SKIPPED [ 36%]
tests/unit/test_database.py::TestMusicCueModel::test_music_cue_repr SKIPPED [ 36%]
tests/unit/test_database.py::TestMusicCueModel::test_music_cue_optional_fields SKIPPED [ 36%]
tests/unit/test_database.py::TestInitDB::test_init_db_default_url SKIPPED [ 37%]
tests/unit/test_database.py::TestInitDB::test_init_db_custom_url SKIPPED [ 37%]
tests/unit/test_database.py::TestInitDB::test_init_db_creates_tables SKIPPED [ 37%]
tests/unit/test_database.py::TestInitDB::test_init_db_in_memory SKIPPED  [ 37%]
tests/unit/test_database.py::TestInitDB::test_init_db_idempotent SKIPPED [ 37%]
tests/unit/test_database.py::TestGetSession::test_get_session_default_url SKIPPED [ 37%]
tests/unit/test_database.py::TestGetSession::test_get_session_custom_url SKIPPED [ 37%]
tests/unit/test_database.py::TestGetSession::test_get_session_creates_database SKIPPED [ 37%]
tests/unit/test_database.py::TestGetSession::test_get_session_supports_crud_operations SKIPPED [ 37%]
tests/unit/test_database.py::TestDatabaseRelationships::test_podcast_with_music_cues SKIPPED [ 38%]
tests/unit/test_database.py::TestDatabaseRelationships::test_multiple_podcasts SKIPPED [ 38%]
tests/unit/test_database.py::TestDatabaseEdgeCases::test_podcast_long_title SKIPPED [ 38%]
tests/unit/test_database.py::TestDatabaseEdgeCases::test_music_cue_long_description SKIPPED [ 38%]
tests/unit/test_database.py::TestDatabaseEdgeCases::test_podcast_nullable_fields SKIPPED [ 38%]
tests/unit/test_database.py::TestDatabaseEdgeCases::test_podcast_datetime_fields SKIPPED [ 38%]
tests/unit/test_desktop_gui.py::TestPodcastCreatorGUIInit::test_gui_initialization PASSED [ 38%]
tests/unit/test_desktop_gui.py::TestPodcastCreatorGUIInit::test_gui_sets_default_values SKIPPED [ 38%]
tests/unit/test_desktop_gui.py::TestPodcastCreatorGUIInit::test_gui_checks_gpu PASSED [ 39%]
tests/unit/test_desktop_gui.py::TestPodcastCreatorGUIMethods::test_browse_script PASSED [ 39%]
tests/unit/test_desktop_gui.py::TestPodcastCreatorGUIMethods::test_browse_music PASSED [ 39%]
tests/unit/test_desktop_gui.py::TestPodcastCreatorGUIMethods::test_browse_script_cancelled PASSED [ 39%]
tests/unit/test_desktop_gui.py::TestPodcastCreatorGUICreatePodcast::test_create_podcast_valid_inputs PASSED [ 39%]
tests/unit/test_desktop_gui.py::TestPodcastCreatorGUICreatePodcast::test_create_podcast_no_script SKIPPED [ 39%]
tests/unit/test_desktop_gui.py::TestPodcastCreatorGUICreatePodcast::test_create_podcast_with_music_file PASSED [ 39%]
tests/unit/test_desktop_gui.py::TestPodcastCreatorGUICreatePodcast::test_create_podcast_with_music_description PASSED [ 39%]
tests/unit/test_desktop_gui.py::TestPodcastCreatorGUIErrorHandling::test_create_podcast_handles_exception PASSED [ 39%]
tests/unit/test_desktop_gui.py::TestPodcastCreatorGUITkinterUnavailable::test_import_fails_without_tkinter SKIPPED [ 40%]
tests/unit/test_face_generator.py::test_generate_with_description_accelerated PASSED [ 40%]
tests/unit/test_face_generator.py::test_generate_with_custom_prompt_cpu PASSED [ 40%]
tests/unit/test_face_generator.py::test_description_to_prompt_variations PASSED [ 40%]
tests/unit/test_face_generator.py::test_generate_import_error PASSED     [ 40%]
tests/unit/test_face_generator.py::test_generate_pipeline_exception PASSED [ 40%]
tests/unit/test_file_monitor.py::test_file_monitor_tracks_growth PASSED  [ 40%]
tests/unit/test_file_monitor.py::test_file_monitor_helpers PASSED        [ 40%]
tests/unit/test_file_monitor.py::test_file_monitor_stop_handles_oserror PASSED [ 40%]
tests/unit/test_file_monitor.py::test_file_monitor_stop_handles_file_not_found PASSED [ 41%]
tests/unit/test_file_monitor.py::test_file_monitor_get_current_size_handles_oserror PASSED [ 41%]
tests/unit/test_file_monitor.py::test_file_monitor_get_current_size_handles_file_not_found PASSED [ 41%]
tests/unit/test_file_monitor.py::test_file_monitor_loop_handles_oserror PASSED [ 41%]
tests/unit/test_file_monitor.py::test_file_monitor_loop_handles_file_not_found PASSED [ 41%]
tests/unit/test_file_monitor.py::test_file_monitor_get_average_growth_rate_no_samples PASSED [ 41%]
tests/unit/test_file_monitor.py::test_file_monitor_get_file_creation_time_not_created PASSED [ 41%]
tests/unit/test_gpu_utilization.py::TestGPUUtilizationTracking::test_metrics_tracks_gpu_utilization_before_after PASSED [ 41%]
tests/unit/test_gpu_utilization.py::TestGPUUtilizationTracking::test_metrics_tracks_cpu_ram_usage PASSED [ 41%]
tests/unit/test_gpu_utilization.py::TestGPUUtilizationTracking::test_gpu_utilization_zero_when_no_gpu PASSED [ 42%]
tests/unit/test_gpu_utilization.py::TestGPUManagerUtilization::test_get_utilization_uses_nvidia_smi PASSED [ 42%]
tests/unit/test_gpu_utilization.py::TestGPUManagerUtilization::test_get_utilization_returns_zero_without_gpu PASSED [ 42%]
tests/unit/test_gpu_utilization.py::TestComponentGPUUsage::test_component_should_use_gpu[script_parsing-False] PASSED [ 42%]
tests/unit/test_gpu_utilization.py::TestComponentGPUUsage::test_component_should_use_gpu[tts_generation-True] PASSED [ 42%]
tests/unit/test_gpu_utilization.py::TestComponentGPUUsage::test_component_should_use_gpu[audio_mixing-False] PASSED [ 42%]
tests/unit/test_gpu_utilization.py::TestComponentGPUUsage::test_component_should_use_gpu[avatar_generation-True] PASSED [ 42%]
tests/unit/test_gpu_utilization.py::TestComponentGPUUsage::test_component_should_use_gpu[video_composition-True] PASSED [ 42%]
tests/unit/test_gpu_utilization.py::TestGPUUtilizationMetrics::test_metrics_saved_with_gpu_data PASSED [ 42%]
tests/unit/test_gpu_utilization.py::TestGPUUtilizationThresholds::test_component_minimum_gpu_utilization[avatar_generation-50.0] PASSED [ 43%]
tests/unit/test_gpu_utilization.py::TestGPUUtilizationThresholds::test_component_minimum_gpu_utilization[video_composition-10.0] PASSED [ 43%]
tests/unit/test_gpu_utilization.py::TestRealGPUUtilization::test_real_gpu_utilization_tracking PASSED [ 43%]
tests/unit/test_gpu_utils.py::TestGPUManager::test_init_without_gpu PASSED [ 43%]
tests/unit/test_gpu_utils.py::TestGPUManager::test_init_with_gpu SKIPPED [ 43%]
tests/unit/test_gpu_utils.py::TestGPUManager::test_get_device_cpu PASSED [ 43%]
tests/unit/test_gpu_utils.py::TestGPUManager::test_get_device_gpu SKIPPED [ 43%]
tests/unit/test_gpu_utils.py::TestGPUManager::test_get_optimal_batch_size_cpu PASSED [ 43%]
tests/unit/test_gpu_utils.py::TestGPUManager::test_get_optimal_batch_size_gpu SKIPPED [ 43%]
tests/unit/test_gpu_utils.py::TestGPUManager::test_get_performance_config_cpu PASSED [ 44%]
tests/unit/test_gpu_utils.py::TestGPUManager::test_get_performance_config_gpu SKIPPED [ 44%]
tests/unit/test_gpu_utils.py::TestGPUManager::test_clear_cache SKIPPED   [ 44%]
tests/unit/test_gpu_utils.py::TestGPUManager::test_get_memory_usage SKIPPED [ 44%]
tests/unit/test_gpu_utils.py::TestGlobalFunctions::test_get_gpu_manager_singleton PASSED [ 44%]
tests/unit/test_gpu_utils.py::TestGlobalFunctions::test_is_gpu_available SKIPPED [ 44%]
tests/unit/test_gpu_utils.py::TestGlobalFunctions::test_get_device_function PASSED [ 44%]
tests/unit/test_gpu_utils.py::TestGetTorchDevice::test_get_torch_device_cpu PASSED [ 44%]
tests/unit/test_gpu_utils.py::TestGetTorchDevice::test_get_torch_device_gpu SKIPPED [ 45%]
tests/unit/test_gpu_utils.py::TestGetTorchDevice::test_get_torch_device_no_torch PASSED [ 45%]
tests/unit/test_gpu_utils.py::TestOptimizeForInference::test_optimize_cpu PASSED [ 45%]
tests/unit/test_gpu_utils.py::TestOptimizeForInference::test_optimize_tf32_enabled SKIPPED [ 45%]
tests/unit/test_gpu_utils.py::TestOptimizeForInference::test_optimize_older_gpu SKIPPED [ 45%]
tests/unit/test_gpu_utils.py::TestSetDevice::test_set_device_success SKIPPED [ 45%]
tests/unit/test_gpu_utils.py::TestSetDevice::test_set_device_cpu PASSED  [ 45%]
tests/unit/test_gpu_utils.py::TestSetDevice::test_set_device_error SKIPPED [ 45%]
tests/unit/test_gpu_utils.py::TestGlobalUtilityFunctions::test_get_performance_config PASSED [ 45%]
tests/unit/test_gpu_utils.py::TestGlobalUtilityFunctions::test_print_gpu_info_cpu PASSED [ 46%]
tests/unit/test_gpu_utils.py::TestGlobalUtilityFunctions::test_print_gpu_info_gpu SKIPPED [ 46%]
tests/unit/test_gpu_utils.py::TestMemoryManagement::test_get_memory_usage_cpu PASSED [ 46%]
tests/unit/test_gpu_utils.py::TestMemoryManagement::test_get_memory_usage_error_handling SKIPPED [ 46%]
tests/unit/test_gpu_utils.py::TestMemoryManagement::test_clear_cache_cpu PASSED [ 46%]
tests/unit/test_gpu_utils.py::TestMemoryManagement::test_clear_cache_error_handling SKIPPED [ 46%]
tests/unit/test_gpu_utils.py::TestBatchSizeCalculation::test_optimal_batch_sizes[16-tts-4] SKIPPED [ 46%]
tests/unit/test_gpu_utils.py::TestBatchSizeCalculation::test_optimal_batch_sizes[12-tts-4] SKIPPED [ 46%]
tests/unit/test_gpu_utils.py::TestBatchSizeCalculation::test_optimal_batch_sizes[8-tts-2] SKIPPED [ 46%]
tests/unit/test_gpu_utils.py::TestBatchSizeCalculation::test_optimal_batch_sizes[4-tts-1] SKIPPED [ 47%]
tests/unit/test_gpu_utils.py::TestBatchSizeCalculation::test_optimal_batch_sizes[16-avatar-2] SKIPPED [ 47%]
tests/unit/test_gpu_utils.py::TestBatchSizeCalculation::test_optimal_batch_sizes[12-avatar-2] SKIPPED [ 47%]
tests/unit/test_gpu_utils.py::TestBatchSizeCalculation::test_optimal_batch_sizes[8-avatar-1] SKIPPED [ 47%]
tests/unit/test_gpu_utils.py::TestBatchSizeCalculation::test_optimal_batch_sizes[20-music-2] SKIPPED [ 47%]
tests/unit/test_gpu_utils.py::TestBatchSizeCalculation::test_optimal_batch_sizes[16-music-2] SKIPPED [ 47%]
tests/unit/test_gpu_utils.py::TestBatchSizeCalculation::test_optimal_batch_sizes[12-music-1] SKIPPED [ 47%]
tests/unit/test_gpu_utils.py::TestBatchSizeCalculation::test_unknown_task_default_batch SKIPPED [ 47%]
tests/unit/test_gpu_utils.py::TestPytorchNotInstalled::test_init_without_pytorch PASSED [ 47%]
tests/unit/test_gpu_utils.py::TestPytorchNotInstalled::test_get_torch_device_import_error PASSED [ 48%]
tests/unit/test_gpu_utils.py::test_performance_config_by_compute_capability[compute_capability0-False-False] SKIPPED [ 48%]
tests/unit/test_gpu_utils.py::test_performance_config_by_compute_capability[compute_capability1-True-False] SKIPPED [ 48%]
tests/unit/test_gpu_utils.py::test_performance_config_by_compute_capability[compute_capability2-True-False] SKIPPED [ 48%]
tests/unit/test_gpu_utils.py::test_performance_config_by_compute_capability[compute_capability3-True-True] SKIPPED [ 48%]
tests/unit/test_gpu_utils.py::test_performance_config_by_compute_capability[compute_capability4-True-True] SKIPPED [ 48%]
tests/unit/test_gpu_utils.py::TestGPUManagerPerformance::test_initialization_performance SKIPPED [ 48%]
tests/unit/test_gpu_utils.py::TestGPUManagerPerformance::test_get_device_performance SKIPPED [ 48%]
tests/unit/test_gpu_utils.py::test_optimize_for_inference_exception PASSED [ 48%]
tests/unit/test_gpu_utils.py::test_get_performance_config_exception PASSED [ 49%]
tests/unit/test_gpu_utils.py::test_clear_cache_exception PASSED          [ 49%]
tests/unit/test_gpu_utils.py::test_get_memory_usage_exception PASSED     [ 49%]
tests/unit/test_gpu_utils.py::test_get_utilization_subprocess_error SKIPPED [ 49%]
tests/unit/test_gpu_utils.py::test_get_utilization_timeout PASSED        [ 49%]
tests/unit/test_gpu_utils.py::test_get_utilization_invalid_output PASSED [ 49%]
tests/unit/test_gpu_utils_real.py::TestGPUManagerReal::test_singleton_pattern PASSED [ 49%]
tests/unit/test_gpu_utils_real.py::TestGPUManagerReal::test_init_detects_cuda PASSED [ 49%]
tests/unit/test_gpu_utils_real.py::TestGPUManagerReal::test_get_device_returns_string PASSED [ 50%]
tests/unit/test_gpu_utils_real.py::TestGPUManagerReal::test_gpu_available_is_boolean PASSED [ 50%]
tests/unit/test_gpu_utils_real.py::TestGPUManagerReal::test_gpu_memory_info PASSED [ 50%]
tests/unit/test_gpu_utils_real.py::TestGPUManagerReal::test_clear_cache_doesnt_crash PASSED [ 50%]
tests/unit/test_gpu_utils_real.py::TestGPUManagerReal::test_optimize_for_inference PASSED [ 50%]
tests/unit/test_gpu_utils_real.py::TestGPUManagerReal::test_clear_cache PASSED [ 50%]
tests/unit/test_gpu_utils_real.py::TestGPUManagerReal::test_get_torch_device PASSED [ 50%]
tests/unit/test_gpu_utils_real.py::TestGPUManagerReal::test_get_optimal_batch_size PASSED [ 50%]
tests/unit/test_gpu_utils_real.py::TestGPUManagerReal::test_cuda_available_attribute PASSED [ 50%]
tests/unit/test_gpu_utils_real.py::TestGPUManagerReal::test_gpu_name_attribute PASSED [ 51%]
tests/unit/test_gpu_utils_real.py::TestGPUManagerReal::test_device_id_attribute PASSED [ 51%]
tests/unit/test_gpu_utils_real.py::TestGPUManagerReal::test_str_representation PASSED [ 51%]
tests/unit/test_gpu_utils_real.py::TestGPUManagerWithMocks::test_init_with_cuda_available PASSED [ 51%]
tests/unit/test_gpu_utils_real.py::TestGPUManagerWithMocks::test_init_with_cuda_unavailable PASSED [ 51%]
tests/unit/test_gpu_utils_real.py::TestGPUManagerWithMocks::test_gpu_memory_with_cuda PASSED [ 51%]
tests/unit/test_gpu_utils_real.py::TestGPUManagerWithMocks::test_clear_cache_with_cuda PASSED [ 51%]
tests/unit/test_gpu_utils_real.py::TestGPUManagerWithMocks::test_optimize_for_inference_with_cuda SKIPPED [ 51%]
tests/unit/test_gpu_utils_real.py::TestGPUManagerWithMocks::test_get_optimal_batch_size_task_param PASSED [ 51%]
tests/unit/test_gpu_utils_real.py::TestGPUManagerWithMocks::test_device_string_format PASSED [ 52%]
tests/unit/test_gpu_utils_real.py::TestGPUManagerWithMocks::test_get_optimal_batch_size_large_gpu SKIPPED [ 52%]
tests/unit/test_gpu_utils_real.py::TestGPUManagerWithMocks::test_get_optimal_batch_size_small_gpu SKIPPED [ 52%]
tests/unit/test_gpu_utils_real.py::TestGPUManagerEdgeCases::test_multiple_gpus SKIPPED [ 52%]
tests/unit/test_gpu_utils_real.py::TestGPUManagerEdgeCases::test_device_without_gpu PASSED [ 52%]
tests/unit/test_metrics_tracker.py::test_metrics_tracker_session_and_component PASSED [ 52%]
tests/unit/test_metrics_tracker.py::test_get_metrics_tracker_global PASSED [ 52%]
tests/unit/test_metrics_tracker.py::test_metrics_tracker_print_summary_formatting PASSED [ 52%]
tests/unit/test_metrics_tracker.py::test_component_finish_uses_device_samples PASSED [ 52%]
tests/unit/test_metrics_tracker.py::test_component_finish_without_device PASSED [ 53%]
tests/unit/test_metrics_tracker.py::test_metrics_summary_omits_small_memory_delta PASSED [ 53%]
tests/unit/test_metrics_tracker.py::test_get_cpu_ram_usage_fallback PASSED [ 53%]
tests/unit/test_metrics_tracker.py::test_metrics_tracker_save_metrics_failure PASSED [ 53%]
tests/unit/test_music_generator.py::TestMusicGeneratorInit::test_init_with_musicgen SKIPPED [ 53%]
tests/unit/test_music_generator.py::TestMusicGeneratorInit::test_init_with_mubert PASSED [ 53%]
tests/unit/test_music_generator.py::TestMusicGeneratorInit::test_init_with_library PASSED [ 53%]
tests/unit/test_music_generator.py::TestMusicGeneratorMusicGen::test_generate_musicgen_gpu SKIPPED [ 53%]
tests/unit/test_music_generator.py::TestMusicGeneratorMusicGen::test_generate_musicgen_cpu PASSED [ 53%]
tests/unit/test_music_generator.py::TestMusicGeneratorMusicGen::test_generate_with_cache_hit PASSED [ 54%]
tests/unit/test_music_generator.py::TestMusicGeneratorMusicGen::test_generate_with_list_input PASSED [ 54%]
tests/unit/test_music_generator.py::TestMusicGeneratorMusicGen::test_generate_with_empty_input PASSED [ 54%]
tests/unit/test_music_generator.py::TestMusicGeneratorMusicGen::test_generate_with_empty_list PASSED [ 54%]
tests/unit/test_music_generator.py::TestMusicGeneratorMusicGen::test_init_musicgen_gpu_with_torch_compile PASSED [ 54%]
tests/unit/test_music_generator.py::TestMusicGeneratorMusicGen::test_init_musicgen_gpu_no_torch_compile PASSED [ 54%]
tests/unit/test_music_generator.py::TestMusicGeneratorMusicGen::test_init_musicgen_gpu_torch_compile_exception PASSED [ 54%]
tests/unit/test_music_generator.py::TestMusicGeneratorMusicGen::test_init_musicgen_gpu_with_fp16 PASSED [ 54%]
tests/unit/test_music_generator.py::TestMusicGeneratorMusicGen::test_init_musicgen_gpu_fp16_exception PASSED [ 54%]
tests/unit/test_music_generator.py::TestMusicGeneratorMusicGen::test_init_musicgen_cpu PASSED [ 55%]
tests/unit/test_music_generator.py::TestMusicGeneratorMusicGen::test_generate_musicgen_gpu_autocast PASSED [ 55%]
tests/unit/test_music_generator.py::TestMusicGeneratorMusicGen::test_generate_musicgen_gpu_cache_clearing PASSED [ 55%]
tests/unit/test_music_generator.py::TestMusicGeneratorMusicGen::test_generate_musicgen_parameters_from_config PASSED [ 55%]
tests/unit/test_music_generator.py::TestMusicGeneratorMusicGen::test_generate_musicgen_cpu_no_autocast PASSED [ 55%]
tests/unit/test_music_generator.py::TestMusicGeneratorMusicGen::test_generate_musicgen_exception_handling PASSED [ 55%]
tests/unit/test_music_generator.py::TestMusicGeneratorMusicGen::test_generate_mubert PASSED [ 55%]
tests/unit/test_music_generator.py::TestMusicGeneratorMusicGen::test_select_from_library PASSED [ 55%]
tests/unit/test_music_generator.py::TestMusicGeneratorMusicGen::test_generate_musicgen_model_not_available PASSED [ 56%]
tests/unit/test_music_generator.py::TestMusicGeneratorCacheKey::test_cache_key_generation PASSED [ 56%]
tests/unit/test_music_generator.py::TestMusicGeneratorCacheKey::test_cache_key_different_descriptions PASSED [ 56%]
tests/unit/test_music_generator.py::test_music_descriptions[upbeat electronic music-str] PASSED [ 56%]
tests/unit/test_music_generator.py::test_music_descriptions[calm ambient sounds-str] PASSED [ 56%]
tests/unit/test_music_generator.py::test_music_descriptions[energetic rock-str] PASSED [ 56%]
tests/unit/test_music_generator_focus.py::TestMusicGeneratorInitialization::test_init_creates_cache_dir PASSED [ 56%]
tests/unit/test_music_generator_focus.py::TestMusicGeneratorInitialization::test_init_sets_device_from_gpu_manager PASSED [ 56%]
tests/unit/test_music_generator_focus.py::TestMusicGeneratorInitialization::test_init_sets_cpu_when_no_gpu PASSED [ 56%]
tests/unit/test_music_generator_focus.py::TestMusicGeneratorInitialization::test_init_musicgen_without_audiocraft PASSED [ 57%]
tests/unit/test_music_generator_focus.py::TestMusicGeneratorGenerateMethod::test_generate_with_string_description PASSED [ 57%]
tests/unit/test_music_generator_focus.py::TestMusicGeneratorGenerateMethod::test_generate_with_empty_string PASSED [ 57%]
tests/unit/test_music_generator_focus.py::TestMusicGeneratorGenerateMethod::test_generate_with_none PASSED [ 57%]
tests/unit/test_music_generator_focus.py::TestMusicGeneratorGenerateMethod::test_generate_with_list_of_strings PASSED [ 57%]
tests/unit/test_music_generator_focus.py::TestMusicGeneratorGenerateMethod::test_generate_with_list_of_dicts PASSED [ 57%]
tests/unit/test_music_generator_focus.py::TestMusicGeneratorGenerateMethod::test_generate_with_empty_list PASSED [ 57%]
tests/unit/test_music_generator_focus.py::TestMusicGeneratorGenerateMethod::test_generate_with_list_no_description_key PASSED [ 57%]
tests/unit/test_music_generator_focus.py::TestMusicGeneratorCaching::test_cache_hit_returns_cached_file PASSED [ 57%]
tests/unit/test_music_generator_focus.py::TestMusicGeneratorCaching::test_cache_miss_generates_new PASSED [ 58%]
tests/unit/test_music_generator_focus.py::TestCacheKeyGeneration::test_cache_key_consistency PASSED [ 58%]
tests/unit/test_music_generator_focus.py::TestCacheKeyGeneration::test_cache_key_uniqueness PASSED [ 58%]
tests/unit/test_music_generator_focus.py::TestCacheKeyGeneration::test_cache_key_includes_engine_type PASSED [ 58%]
tests/unit/test_music_generator_focus.py::TestMusicGeneratorMubert::test_generate_with_mubert_engine PASSED [ 58%]
tests/unit/test_music_generator_focus.py::TestMusicGeneratorMubert::test_generate_mubert_method PASSED [ 58%]
tests/unit/test_music_generator_focus.py::TestMusicGeneratorLibrary::test_generate_with_library_engine PASSED [ 58%]
tests/unit/test_music_generator_focus.py::TestMusicGeneratorLibrary::test_select_from_library_method PASSED [ 58%]
tests/unit/test_music_generator_focus.py::TestMusicGeneratorMusicGenPaths::test_generate_musicgen_when_model_none PASSED [ 58%]
tests/unit/test_music_generator_focus.py::TestMusicGeneratorMusicGenPaths::test_generate_musicgen_exception_handling PASSED [ 59%]
tests/unit/test_music_generator_focus.py::TestMusicGeneratorEdgeCases::test_generate_with_very_long_description PASSED [ 59%]
tests/unit/test_music_generator_focus.py::TestMusicGeneratorEdgeCases::test_cache_dir_creation_on_multiple_init PASSED [ 59%]
tests/unit/test_music_generator_focus.py::test_init_musicgen_import_error PASSED [ 59%]
tests/unit/test_music_generator_focus.py::test_generate_musicgen_exception_handling PASSED [ 59%]
tests/unit/test_music_generator_focus.py::test_generate_musicgen_torch_compile_exception PASSED [ 59%]
tests/unit/test_music_generator_focus.py::test_generate_musicgen_fp16_exception PASSED [ 59%]
tests/unit/test_music_generator_focus.py::test_generate_musicgen_torchaudio_save_error SKIPPED [ 59%]
tests/unit/test_music_generator_focus.py::test_generate_mubert_creates_file PASSED [ 59%]
tests/unit/test_music_generator_focus.py::test_select_from_library_creates_file PASSED [ 60%]
tests/unit/test_music_generator_focus.py::test_get_cache_key_different_engines PASSED [ 60%]
tests/unit/test_music_generator_focus.py::test_get_cache_key_same_input_same_key PASSED [ 60%]
tests/unit/test_music_generator_stubbed.py::test_musicgen_accelerated_initialization_enables_compile_and_fp16 PASSED [ 60%]
tests/unit/test_music_generator_stubbed.py::test_musicgen_cpu_path_skips_compile PASSED [ 60%]
tests/unit/test_music_generator_stubbed.py::test_musicgen_generate_handles_exception PASSED [ 60%]
tests/unit/test_music_generator_stubbed.py::test_mubert_and_library_engines_create_placeholder_files PASSED [ 60%]
tests/unit/test_music_generator_stubbed.py::test_generate_returns_cached_file PASSED [ 60%]
tests/unit/test_ram_monitor.py::test_ram_monitor_thresholds PASSED       [ 60%]
tests/unit/test_ram_monitor.py::test_ram_monitor_status PASSED           [ 61%]
tests/unit/test_ram_monitor.py::test_ram_monitor_usage_helpers PASSED    [ 61%]
tests/unit/test_script_chunker.py::test_chunk_script_creates_multiple_chunks PASSED [ 61%]
tests/unit/test_script_chunker.py::test_chunk_script_missing_file PASSED [ 61%]
tests/unit/test_script_chunker.py::test_split_into_paragraphs_handles_single_lines PASSED [ 61%]
tests/unit/test_script_chunker.py::test_estimate_duration PASSED         [ 61%]
tests/unit/test_script_parser.py::TestScriptParser::test_init PASSED     [ 61%]
tests/unit/test_script_parser.py::TestScriptParser::test_parse_simple_script PASSED [ 61%]
tests/unit/test_script_parser.py::TestScriptParser::test_parse_with_title PASSED [ 62%]
tests/unit/test_script_parser.py::TestScriptParser::test_parse_without_title PASSED [ 62%]
tests/unit/test_script_parser.py::TestScriptParser::test_parse_with_music_cue PASSED [ 62%]
tests/unit/test_script_parser.py::TestScriptParser::test_parse_with_multiple_music_cues PASSED [ 62%]
tests/unit/test_script_parser.py::TestScriptParser::test_parse_music_cue_inline PASSED [ 62%]
tests/unit/test_script_parser.py::TestScriptParser::test_parse_empty_script PASSED [ 62%]
tests/unit/test_script_parser.py::TestScriptParser::test_parse_whitespace_only PASSED [ 62%]
tests/unit/test_script_parser.py::TestScriptParser::test_parse_metadata_character_count PASSED [ 62%]
tests/unit/test_script_parser.py::TestScriptParser::test_parse_music_cue_positions PASSED [ 62%]
tests/unit/test_script_parser.py::TestScriptParser::test_parse_from_file PASSED [ 63%]
tests/unit/test_script_parser.py::TestScriptParser::test_parse_file_not_found PASSED [ 63%]
tests/unit/test_script_parser.py::TestScriptParser::test_parse_file_utf8 PASSED [ 63%]
tests/unit/test_script_parser.py::TestScriptParser::test_validate_empty_script PASSED [ 63%]
tests/unit/test_script_parser.py::TestScriptParser::test_validate_short_script PASSED [ 63%]
tests/unit/test_script_parser.py::TestScriptParser::test_validate_long_script PASSED [ 63%]
tests/unit/test_script_parser.py::TestScriptParser::test_validate_normal_script PASSED [ 63%]
tests/unit/test_script_parser.py::TestScriptParser::test_parse_complex_script PASSED [ 63%]
tests/unit/test_script_parser.py::test_music_cue_counts[No music here-0] PASSED [ 63%]
tests/unit/test_script_parser.py::test_music_cue_counts[[MUSIC: test]-1] PASSED [ 64%]
tests/unit/test_script_parser.py::test_music_cue_counts[[MUSIC: one] and [MUSIC: two]-2] PASSED [ 64%]
tests/unit/test_script_parser.py::test_music_cue_counts[[MUSIC: a]\n[MUSIC: b]\n[MUSIC: c]-3] PASSED [ 64%]
tests/unit/test_script_parser.py::test_title_extraction[# My Title-My Title] PASSED [ 64%]
tests/unit/test_script_parser.py::test_title_extraction[# Another Title-Another Title] PASSED [ 64%]
tests/unit/test_script_parser.py::test_title_extraction[#NoSpace-Untitled Podcast] PASSED [ 64%]
tests/unit/test_script_parser.py::test_title_extraction[# Title With Spaces -Title With Spaces] PASSED [ 64%]
tests/unit/test_tts_engine_additional.py::TestTTSEngineGTTSImportError::test_gtts_import_error_raises PASSED [ 64%]
tests/unit/test_tts_engine_additional.py::TestTTSEnginePyttsx3Generate::test_pyttsx3_generate SKIPPED [ 64%]
tests/unit/test_tts_engine_additional.py::TestTTSEnginePyttsx3Generate::test_pyttsx3_generate_with_file_operations SKIPPED [ 65%]
tests/unit/test_tts_engine_additional.py::TestTTSEngineCacheKeyEdgeCases::test_cache_key_empty_string PASSED [ 65%]
tests/unit/test_tts_engine_additional.py::TestTTSEngineCacheKeyEdgeCases::test_cache_key_very_long_text PASSED [ 65%]
tests/unit/test_tts_engine_additional.py::TestTTSEngineCacheKeyEdgeCases::test_cache_key_with_engine_type SKIPPED [ 65%]
tests/unit/test_tts_engine_additional.py::TestTTSEngineConfigurationVariants::test_gtts_with_british_accent PASSED [ 65%]
tests/unit/test_tts_engine_additional.py::TestTTSEngineConfigurationVariants::test_gtts_with_australian_accent PASSED [ 65%]
tests/unit/test_tts_engine_additional.py::TestTTSEngineConfigurationVariants::test_pyttsx3_with_custom_rate SKIPPED [ 65%]
tests/unit/test_tts_engine_additional.py::TestTTSEngineGPUIntegration::test_gpu_available_sets_use_gpu_flag PASSED [ 65%]
tests/unit/test_tts_engine_additional.py::TestTTSEngineGPUIntegration::test_no_gpu_uses_cpu PASSED [ 65%]
tests/unit/test_tts_engine_advanced.py::test_init_coqui_gpu_fp16_enables_mixed_precision PASSED [ 66%]
tests/unit/test_tts_engine_advanced.py::test_generate_coqui_xtts_with_reference_audio PASSED [ 66%]
tests/unit/test_tts_engine_advanced.py::test_generate_coqui_single_speaker PASSED [ 66%]
tests/unit/test_tts_engine_advanced.py::test_elevenlabs_generate_success PASSED [ 66%]
tests/unit/test_tts_engine_advanced.py::test_elevenlabs_generate_missing_key_raises PASSED [ 66%]
tests/unit/test_tts_engine_advanced.py::test_azure_generate_success PASSED [ 66%]
tests/unit/test_tts_engine_advanced.py::test_piper_generate_creates_file PASSED [ 66%]
tests/unit/test_tts_engine_advanced.py::test_pyttsx3_generate_success PASSED [ 66%]
tests/unit/test_tts_engine_advanced.py::test_edge_generate_async_success PASSED [ 67%]
tests/unit/test_tts_engine_coverage.py::TestTTSEngineInitialization::test_init_with_coqui_engine_mock SKIPPED [ 67%]
tests/unit/test_tts_engine_coverage.py::TestTTSEngineInitialization::test_init_with_elevenlabs_engine_mock PASSED [ 67%]
tests/unit/test_tts_engine_coverage.py::TestTTSEngineInitialization::test_init_with_azure_engine_mock PASSED [ 67%]
tests/unit/test_tts_engine_coverage.py::TestTTSEngineInitialization::test_init_with_piper_engine PASSED [ 67%]
tests/unit/test_tts_engine_coverage.py::TestTTSEngineInitialization::test_init_with_unknown_engine_defaults_to_gtts PASSED [ 67%]
tests/unit/test_tts_engine_coverage.py::TestTTSEngineGenerate::test_generate_with_different_tld PASSED [ 67%]
tests/unit/test_tts_engine_coverage.py::TestTTSEngineGenerate::test_generate_with_retry_logic PASSED [ 67%]
tests/unit/test_tts_engine_coverage.py::TestTTSEngineGenerate::test_generate_max_retries_exceeded PASSED [ 67%]
tests/unit/test_tts_engine_coverage.py::TestTTSEngineGenerate::test_generate_with_piper_engine_fallback PASSED [ 68%]
tests/unit/test_tts_engine_coverage.py::TestTTSEngineCaching::test_cache_key_generation_consistency PASSED [ 68%]
tests/unit/test_tts_engine_coverage.py::TestTTSEngineCaching::test_cache_hit_avoids_regeneration PASSED [ 68%]
tests/unit/test_tts_engine_coverage.py::TestTTSEngineCaching::test_cache_key_with_special_characters PASSED [ 68%]
tests/unit/test_tts_engine_coverage.py::TestTTSEnginePyttsx3::test_pyttsx3_initialization_success SKIPPED [ 68%]
tests/unit/test_tts_engine_coverage.py::TestTTSEnginePyttsx3::test_pyttsx3_voice_fallback SKIPPED [ 68%]
tests/unit/test_tts_engine_coverage.py::TestTTSEnginePyttsx3::test_pyttsx3_initialization_failure_falls_back_to_gtts SKIPPED [ 68%]
tests/unit/test_tts_engine_coverage.py::TestTTSEngineEdgeCases::test_generate_with_very_long_text PASSED [ 68%]
tests/unit/test_tts_engine_coverage.py::TestTTSEngineEdgeCases::test_generate_with_unicode_text PASSED [ 68%]
tests/unit/test_tts_engine_coverage.py::TestTTSEngineEdgeCases::test_cache_directory_creation PASSED [ 69%]
tests/unit/test_tts_engine_expansion.py::test_project_root_helper_inserts_repo_root_at_front PASSED [ 69%]
tests/unit/test_tts_engine_expansion.py::TestTTSEngineEdgeCases::test_generate_with_custom_output_path PASSED [ 69%]
tests/unit/test_tts_engine_expansion.py::TestTTSEngineEdgeCases::test_generate_with_empty_text_handled PASSED [ 69%]
tests/unit/test_tts_engine_expansion.py::TestTTSEngineEdgeCases::test_generate_with_very_long_text PASSED [ 69%]
tests/unit/test_tts_engine_expansion.py::TestTTSEngineEdgeCases::test_generate_with_special_characters PASSED [ 69%]
tests/unit/test_tts_engine_expansion.py::TestTTSEngineEdgeCases::test_generate_with_unicode_characters PASSED [ 69%]
tests/unit/test_tts_engine_expansion.py::TestTTSEngineEdgeCases::test_cache_key_unicode_safe PASSED [ 69%]
tests/unit/test_tts_engine_expansion.py::TestTTSEngineEdgeCases::test_cache_key_special_characters PASSED [ 69%]
tests/unit/test_tts_engine_expansion.py::TestTTSEngineRetryLogic::test_gtts_retry_on_first_failure PASSED [ 70%]
tests/unit/test_tts_engine_expansion.py::TestTTSEngineRetryLogic::test_gtts_retry_all_failures PASSED [ 70%]
tests/unit/test_tts_engine_expansion.py::TestTTSEngineInitializationPaths::test_init_with_unknown_engine_defaults_to_gtts PASSED [ 70%]
tests/unit/test_tts_engine_expansion.py::TestTTSEngineInitializationPaths::test_init_sets_device_correctly PASSED [ 70%]
tests/unit/test_tts_engine_expansion.py::TestTTSEngineInitializationPaths::test_init_creates_cache_directory PASSED [ 70%]
tests/unit/test_tts_engine_expansion.py::TestTTSEngineInitializationPaths::test_missing_tts_config_defaults_to_gtts PASSED [ 70%]
tests/unit/test_tts_engine_expansion.py::TestTTSEngineInitializationPaths::test_init_dispatch_routes_to_expected_engine[gtts-_init_gtts] PASSED [ 70%]
tests/unit/test_tts_engine_expansion.py::TestTTSEngineInitializationPaths::test_init_dispatch_routes_to_expected_engine[coqui-_init_coqui] PASSED [ 70%]
tests/unit/test_tts_engine_expansion.py::TestTTSEngineInitializationPaths::test_init_dispatch_routes_to_expected_engine[elevenlabs-_init_elevenlabs] PASSED [ 70%]
tests/unit/test_tts_engine_expansion.py::TestTTSEngineInitializationPaths::test_init_dispatch_routes_to_expected_engine[azure-_init_azure] PASSED [ 71%]
tests/unit/test_tts_engine_expansion.py::TestTTSEngineInitializationPaths::test_init_dispatch_routes_to_expected_engine[piper-_init_piper] PASSED [ 71%]
tests/unit/test_tts_engine_expansion.py::TestTTSEngineCoquiPaths::test_coqui_init_with_gpu PASSED [ 71%]
tests/unit/test_tts_engine_expansion.py::TestTTSEngineCoquiPaths::test_coqui_init_without_gpu PASSED [ 71%]
tests/unit/test_tts_engine_expansion.py::TestTTSEngineElevenLabsPaths::test_elevenlabs_init_missing_api_key PASSED [ 71%]
tests/unit/test_tts_engine_expansion.py::TestTTSEngineGeneratePaths::test_generate_edge_engine_path PASSED [ 71%]
tests/unit/test_tts_engine_expansion.py::TestTTSEngineGeneratePaths::test_generate_piper_engine_path PASSED [ 71%]
tests/unit/test_tts_engine_expansion.py::TestTTSEngineCacheBehavior::test_cache_directory_creation_idempotent PASSED [ 71%]
tests/unit/test_tts_engine_expansion.py::TestTTSEngineCacheBehavior::test_cache_key_includes_engine_type SKIPPED [ 71%]
tests/unit/test_tts_engine_focus.py::test_tts_engine_module_adds_root_to_sys_path PASSED [ 72%]
tests/unit/test_tts_engine_focus.py::test_engine_defaults_to_gtts_and_sets_flag PASSED [ 72%]
tests/unit/test_tts_engine_focus.py::test_init_gtts_import_error PASSED  [ 72%]
tests/unit/test_tts_engine_focus.py::test_init_coqui_import_error PASSED [ 72%]
tests/unit/test_tts_engine_focus.py::test_init_coqui_exception_handling PASSED [ 72%]
tests/unit/test_tts_engine_focus.py::test_init_elevenlabs_import_error PASSED [ 72%]
tests/unit/test_tts_engine_focus.py::test_init_azure_import_error PASSED [ 72%]
tests/unit/test_tts_engine_focus.py::test_generate_elevenlabs_missing_api_key SKIPPED [ 72%]
tests/unit/test_tts_engine_focus.py::test_generate_gtts_retry_then_failure PASSED [ 73%]
tests/unit/test_tts_engine_focus.py::test_generate_coqui_exception SKIPPED [ 73%]
tests/unit/test_tts_engine_focus.py::test_generate_pyttsx3_mp3_conversion_failure SKIPPED [ 73%]
tests/unit/test_tts_engine_focus.py::test_generate_edge_runtime_error_handling SKIPPED [ 73%]
tests/unit/test_tts_engine_focus.py::test_engine_type_default_value_when_missing_from_config PASSED [ 73%]
tests/unit/test_tts_engine_focus.py::test_gtts_branch_taken_when_engine_type_equals_gtts PASSED [ 73%]
tests/unit/test_tts_engine_focus.py::test_coqui_branch_taken_when_engine_type_equals_coqui PASSED [ 73%]
tests/unit/test_tts_engine_focus.py::test_piper_branch_taken_when_engine_type_equals_piper PASSED [ 73%]
tests/unit/test_tts_engine_focus.py::test_gtts_available_set_to_true_on_init PASSED [ 73%]
tests/unit/test_tts_engine_focus.py::test_unknown_engine_falls_back_to_gtts PASSED [ 74%]
tests/unit/test_tts_engine_focus.py::test_engine_branch_initializers_called PASSED [ 74%]
tests/unit/test_tts_engine_focus.py::test_non_gtts_engines_preserve_type_and_skip_gtts[coqui-config_extra0-_init_coqui] PASSED [ 74%]
tests/unit/test_tts_engine_focus.py::test_non_gtts_engines_preserve_type_and_skip_gtts[piper-config_extra1-_init_piper] PASSED [ 74%]
tests/unit/test_tts_engine_focus.py::test_gtts_retry_then_success PASSED [ 74%]
tests/unit/test_tts_engine_focus.py::test_cache_key_varies_by_engine PASSED [ 74%]
tests/unit/test_tts_engine_focus.py::test_elevenlabs_missing_dependency PASSED [ 74%]
tests/unit/test_tts_engine_focus.py::test_azure_missing_dependency PASSED [ 74%]
tests/unit/test_tts_engine_focus.py::test_piper_placeholder_generation PASSED [ 74%]
tests/unit/test_tts_engine_focus.py::test_pyttsx3_conversion_fallback SKIPPED [ 75%]
tests/unit/test_tts_engine_focus.py::test_elevenlabs_missing_api_key_raises_valueerror PASSED [ 75%]
tests/unit/test_tts_engine_focus.py::test_azure_speak_text_call_verified PASSED [ 75%]
tests/unit/test_tts_engine_night_push.py::TestCoquiTTSEdgeCases::test_init_coqui_gpu_fp16_exception PASSED [ 75%]
tests/unit/test_tts_engine_night_push.py::TestCoquiTTSEdgeCases::test_init_coqui_cpu_path PASSED [ 75%]
tests/unit/test_tts_engine_night_push.py::TestCoquiTTSEdgeCases::test_init_coqui_xtts_skips_fp16 PASSED [ 75%]
tests/unit/test_tts_engine_night_push.py::TestCoquiTTSEdgeCases::test_init_coqui_exception_handling PASSED [ 75%]
tests/unit/test_tts_engine_night_push.py::TestPyTTSX3EdgeCases::test_init_pyttsx3_voice_fallback PASSED [ 75%]
tests/unit/test_tts_engine_night_push.py::TestPyTTSX3EdgeCases::test_init_pyttsx3_exception_fallback_to_gtts PASSED [ 75%]
tests/unit/test_tts_engine_night_push.py::TestCoquiGenerationEdgeCases::test_generate_coqui_exception_handling PASSED [ 76%]
tests/unit/test_tts_engine_night_push.py::TestPyTTSX3GenerationEdgeCases::test_generate_pyttsx3_mp3_conversion_failure PASSED [ 76%]
tests/unit/test_tts_engine_night_push.py::TestCoquiGenerationDetailed::test_generate_coqui_xtts_with_speaker_wav PASSED [ 76%]
tests/unit/test_tts_engine_night_push.py::TestCoquiGenerationDetailed::test_generate_coqui_xtts_with_speaker_from_config PASSED [ 76%]
tests/unit/test_tts_engine_night_push.py::TestCoquiGenerationDetailed::test_generate_coqui_single_speaker_model PASSED [ 76%]
tests/unit/test_tts_engine_night_push.py::TestTTSEngineCacheKeys::test_get_cache_key_coqui_with_speaker PASSED [ 76%]
tests/unit/test_tts_engine_night_push.py::TestTTSEngineCacheKeys::test_get_cache_key_pyttsx3_with_voice_id PASSED [ 76%]
tests/unit/test_tts_engine_night_push.py::TestTTSEngineGeneratePaths::test_generate_coqui_path PASSED [ 76%]
tests/unit/test_tts_engine_night_push.py::TestTTSEngineGeneratePaths::test_generate_pyttsx3_path PASSED [ 76%]
tests/unit/test_tts_engine_night_push.py::TestTTSEngineGeneratePaths::test_generate_default_fallback PASSED [ 77%]
tests/unit/test_tts_engine_path_insertion.py::test_sys_path_insert_index_zero PASSED [ 77%]
tests/unit/test_tts_engine_path_insertion.py::test_sys_path_insert_priority PASSED [ 77%]
tests/unit/test_tts_engine_real.py::TestTTSEngineRealExecution::test_init_with_gtts PASSED [ 77%]
tests/unit/test_tts_engine_real.py::TestTTSEngineRealExecution::test_cache_directory_creation PASSED [ 77%]
tests/unit/test_tts_engine_real.py::TestTTSEngineRealExecution::test_generate_creates_audio_file PASSED [ 77%]
tests/unit/test_tts_engine_real.py::TestTTSEngineRealExecution::test_generate_uses_cache PASSED [ 77%]
tests/unit/test_tts_engine_real.py::TestTTSEngineRealExecution::test_cache_key_generation PASSED [ 77%]
tests/unit/test_tts_engine_real.py::TestTTSEngineRealExecution::test_generate_gtts_with_tld PASSED [ 78%]
tests/unit/test_tts_engine_real.py::TestTTSEngineEdgeCases::test_empty_text PASSED [ 78%]
tests/unit/test_tts_engine_real.py::TestTTSEngineEdgeCases::test_long_text PASSED [ 78%]
tests/unit/test_tts_engine_real.py::TestTTSEngineEdgeCases::test_special_characters PASSED [ 78%]
tests/unit/test_tts_engine_real.py::TestTTSEngineEdgeCases::test_retry_on_network_error PASSED [ 78%]
tests/unit/test_tts_engine_real.py::TestTTSEngineEdgeCases::test_max_retries_exceeded PASSED [ 78%]
tests/unit/test_tts_engine_real.py::TestTTSEngineMultipleEngines::test_init_pyttsx3_engine SKIPPED [ 78%]
tests/unit/test_tts_engine_real.py::TestTTSEngineMultipleEngines::test_init_edge_engine PASSED [ 78%]
tests/unit/test_tts_engine_real.py::TestTTSEngineMultipleEngines::test_init_unknown_engine_defaults_to_gtts PASSED [ 78%]
tests/unit/test_tts_engine_real.py::TestTTSEngineConfiguration::test_gpu_detection PASSED [ 79%]
tests/unit/test_tts_engine_real.py::TestTTSEngineConfiguration::test_cpu_fallback PASSED [ 79%]
tests/unit/test_video_chunker.py::test_chunk_video_splits_and_invokes_ffmpeg PASSED [ 79%]
tests/unit/test_video_chunker.py::test_chunk_video_raises_when_duration_unknown PASSED [ 79%]
tests/unit/test_video_composer.py::TestVideoComposerInit::test_init PASSED [ 79%]
tests/unit/test_video_composer.py::TestVideoComposerInit::test_init_creates_output_directory PASSED [ 79%]
tests/unit/test_video_composer.py::TestVideoComposerInit::test_init_sets_background_path PASSED [ 79%]
tests/unit/test_video_composer.py::TestVideoComposerCompose::test_compose_signature_default_visualization_false PASSED [ 79%]
tests/unit/test_video_composer.py::TestVideoComposerCompose::test_compose_basic PASSED [ 79%]
tests/unit/test_video_composer.py::TestVideoComposerCompose::test_compose_with_color_background PASSED [ 80%]
tests/unit/test_video_composer.py::TestVideoComposerCompose::test_compose_with_visualization PASSED [ 80%]
tests/unit/test_video_composer.py::TestVideoComposerCompose::test_compose_with_avatar_video_and_visualization PASSED [ 80%]
tests/unit/test_video_composer.py::TestVideoComposerCompose::test_compose_default_use_visualization_false PASSED [ 80%]
tests/unit/test_video_composer.py::TestVideoComposerCompose::test_compose_explicitly_use_visualization_false PASSED [ 80%]
tests/unit/test_video_composer.py::TestVideoComposerCompose::test_compose_avatar_with_visualization_prefers_overlay PASSED [ 80%]
tests/unit/test_video_composer.py::TestVideoComposerCompose::test_compose_use_visualization_true_no_avatar_calls_visualization_only PASSED [ 80%]
tests/unit/test_video_composer.py::TestVideoComposerCompose::test_compose_default_parameter_use_visualization_false_does_not_call_visualization PASSED [ 80%]
tests/unit/test_video_composer.py::TestVideoComposerCompose::test_compose_fallback_to_ffmpeg PASSED [ 80%]
tests/unit/test_video_composer.py::TestVideoComposerCompose::test_compose_generates_timestamp_name PASSED [ 81%]
tests/unit/test_video_composer.py::TestVideoComposerFFmpegFallback::test_compose_with_ffmpeg_gpu PASSED [ 81%]
tests/unit/test_video_composer.py::TestVideoComposerFFmpegFallback::test_compose_with_ffmpeg_cpu PASSED [ 81%]
tests/unit/test_video_composer.py::TestVideoComposerHelperMethods::test_create_default_background PASSED [ 81%]
tests/unit/test_video_composer.py::TestVideoComposerHelperMethods::test_create_text_image PASSED [ 81%]
tests/unit/test_video_composer.py::TestVideoComposerHelperMethods::test_validate_audio_file_missing PASSED [ 81%]
tests/unit/test_video_composer.py::TestVideoComposerHelperMethods::test_validate_audio_file_empty PASSED [ 81%]
tests/unit/test_video_composer.py::TestVideoComposerHelperMethods::test_validate_audio_file_too_small PASSED [ 81%]
tests/unit/test_video_composer.py::TestVideoComposerHelperMethods::test_validate_audio_file_corrupted PASSED [ 81%]
tests/unit/test_video_composer.py::TestVideoComposerHelperMethods::test_validate_audio_file_valid PASSED [ 82%]
tests/unit/test_video_composer.py::TestVideoComposerErrorHandling::test_compose_handles_moviepy_exception PASSED [ 82%]
tests/unit/test_video_composer.py::TestVideoComposerErrorHandling::test_compose_with_missing_audio PASSED [ 82%]
tests/unit/test_video_composer.py::TestVideoComposerErrorHandling::test_compose_with_empty_audio_file PASSED [ 82%]
tests/unit/test_video_composer.py::TestVideoComposerErrorHandling::test_compose_with_corrupted_audio_file PASSED [ 82%]
tests/unit/test_video_composer.py::TestVideoComposerErrorHandling::test_compose_with_invalid_audio_format PASSED [ 82%]
tests/unit/test_video_composer.py::TestVideoComposerResolutions::test_different_resolutions[resolution0-expected0] PASSED [ 82%]
tests/unit/test_video_composer.py::TestVideoComposerResolutions::test_different_resolutions[resolution1-expected1] PASSED [ 82%]
tests/unit/test_video_composer.py::TestVideoComposerResolutions::test_different_resolutions[resolution2-expected2] PASSED [ 82%]
tests/unit/test_video_composer_focus.py::test_visualization_flow PASSED  [ 83%]
tests/unit/test_video_composer_focus.py::test_text_overlay_path PASSED   [ 83%]
tests/unit/test_video_composer_focus.py::test_ffmpeg_fallback_on_import_error PASSED [ 83%]
tests/unit/test_video_composer_focus.py::test_create_default_background PASSED [ 83%]
tests/unit/test_video_composer_focus.py::test_overlay_visualization_on_avatar_success PASSED [ 83%]
tests/unit/test_video_composer_focus.py::test_overlay_visualization_ffmpeg_failure_uses_viz_fallback PASSED [ 83%]
tests/unit/test_video_composer_focus.py::test_color_background_used_when_missing_file PASSED [ 83%]
tests/unit/test_video_composer_focus.py::test_compose_with_ffmpeg_calledprocesserror PASSED [ 83%]
tests/unit/test_video_composer_focus.py::test_compose_with_ffmpeg_file_not_found PASSED [ 84%]
tests/unit/test_video_composer_focus.py::test_compose_defaults_to_minimal_video PASSED [ 84%]
tests/unit/test_video_composer_focus.py::test_compose_visualization_without_avatar_uses_visualization_only PASSED [ 84%]
tests/unit/test_video_composer_focus.py::test_overlay_visualization_regenerates_when_temp_missing PASSED [ 84%]
tests/unit/test_video_composer_focus.py::test_overlay_visualization_last_resort_copies_avatar PASSED [ 84%]
tests/unit/test_video_composer_focus.py::test_create_text_image_font_fallback SKIPPED [ 84%]
tests/unit/test_video_composer_focus.py::test_compose_visualization_only_delegates_to_visualizer PASSED [ 84%]
tests/unit/test_video_composer_focus.py::test_compose_visualization_with_background PASSED [ 84%]
tests/unit/test_video_composer_focus.py::test_compose_routes_avatar_visual_background PASSED [ 84%]
tests/unit/test_video_composer_focus.py::test_compose_routes_avatar_visual_only PASSED [ 85%]
tests/unit/test_video_composer_focus.py::test_compose_routes_visual_background_without_avatar PASSED [ 85%]
tests/unit/test_video_composer_focus.py::test_compose_routes_visual_only_without_avatar PASSED [ 85%]
tests/unit/test_video_composer_focus.py::test_cleanup_ffmpeg_process_graceful_termination PASSED [ 85%]
tests/unit/test_video_composer_focus.py::test_cleanup_ffmpeg_process_force_kill PASSED [ 85%]
tests/unit/test_video_composer_focus.py::test_cleanup_ffmpeg_process_already_closed_pipes PASSED [ 85%]
tests/unit/test_video_composer_focus.py::test_compose_avatar_with_background_success PASSED [ 85%]
tests/unit/test_video_composer_focus.py::test_compose_avatar_background_visualization_success PASSED [ 85%]
tests/unit/test_video_composer_focus.py::test_compose_avatar_background_visualization_fallback PASSED [ 85%]
tests/unit/test_video_composer_focus.py::test_check_nvenc_available PASSED [ 86%]
tests/unit/test_video_composer_focus.py::test_check_nvenc_unavailable PASSED [ 86%]
tests/unit/test_video_composer_focus.py::test_check_nvenc_exception PASSED [ 86%]
tests/unit/test_video_composer_focus.py::test_get_audio_duration_ffmpeg_success PASSED [ 86%]
tests/unit/test_video_composer_focus.py::test_get_audio_duration_ffmpeg_failure PASSED [ 86%]
tests/unit/test_video_composer_focus.py::test_compose_avatar_video_exists_but_empty PASSED [ 86%]
tests/unit/test_video_composer_focus.py::test_compose_avatar_video_debug_paths PASSED [ 86%]
tests/unit/test_video_composer_focus.py::test_compose_with_background_creates_default_if_missing PASSED [ 86%]
tests/unit/test_video_composer_focus.py::test_compose_avatar_just_copy PASSED [ 86%]
tests/unit/test_video_composer_focus.py::test_validate_audio_file_ffprobe_nonzero_returncode PASSED [ 87%]
tests/unit/test_video_composer_focus.py::test_validate_audio_file_empty_stdout PASSED [ 87%]
tests/unit/test_video_composer_focus.py::test_validate_audio_file_invalid_duration_zero PASSED [ 87%]
tests/unit/test_video_composer_focus.py::test_validate_audio_file_invalid_duration_negative PASSED [ 87%]
tests/unit/test_video_composer_focus.py::test_validate_audio_file_duration_parse_error PASSED [ 87%]
tests/unit/test_video_composer_focus.py::test_validate_audio_file_timeout PASSED [ 87%]
tests/unit/test_video_composer_focus.py::test_validate_audio_file_ffprobe_not_found PASSED [ 87%]
tests/unit/test_video_composer_focus.py::test_validate_audio_file_generic_exception PASSED [ 87%]
tests/unit/test_video_composer_focus.py::test_validate_audio_file_corruption_indicators PASSED [ 87%]
tests/unit/test_video_composer_focus.py::test_compose_with_ffmpeg_timeout_expired PASSED [ 88%]
tests/unit/test_video_composer_focus.py::test_compose_with_ffmpeg_popen_timeout PASSED [ 88%]
tests/unit/test_video_composer_focus.py::test_compose_with_ffmpeg_nonzero_returncode PASSED [ 88%]
tests/unit/test_video_composer_focus.py::test_compose_with_ffmpeg_output_file_missing PASSED [ 88%]
tests/unit/test_video_composer_focus.py::test_compose_with_ffmpeg_output_file_empty PASSED [ 88%]
tests/unit/test_video_composer_focus.py::test_compose_with_ffmpeg_verification_warning PASSED [ 88%]
tests/unit/test_video_composer_focus.py::test_compose_with_ffmpeg_verification_exception PASSED [ 88%]
tests/unit/test_video_composer_focus.py::test_compose_minimal_video_timeout PASSED [ 88%]
tests/unit/test_video_composer_focus.py::test_compose_minimal_video_ffmpeg_error_analysis PASSED [ 89%]
tests/unit/test_video_composer_focus.py::test_compose_minimal_video_error_analysis_no_such_file PASSED [ 89%]
tests/unit/test_video_composer_focus.py::test_compose_minimal_video_error_analysis_end_of_file PASSED [ 89%]
tests/unit/test_video_composer_focus.py::test_compose_minimal_video_error_analysis_codec_not_found PASSED [ 89%]
tests/unit/test_video_composer_focus.py::test_compose_minimal_video_generic_exception PASSED [ 89%]
tests/unit/test_video_composer_focus.py::test_compose_minimal_video_re_raises_valueerror PASSED [ 89%]
tests/unit/test_video_composer_focus.py::test_compose_minimal_video_re_raises_runtimeerror PASSED [ 89%]
tests/unit/test_video_composer_focus.py::test_compose_avatar_video_debug_prints PASSED [ 89%]
tests/unit/test_video_composer_focus.py::test_compose_with_ffmpeg_nvenc_exception PASSED [ 89%]
tests/unit/test_video_composer_focus.py::test_compose_with_ffmpeg_quality_preset_legacy_strings PASSED [ 90%]
tests/unit/test_video_composer_focus.py::test_compose_with_ffmpeg_quality_from_config PASSED [ 90%]
tests/unit/test_video_composer_focus.py::test_compose_visualization_only_path PASSED [ 90%]
tests/unit/test_video_composer_focus.py::test_compose_visualization_with_background_path PASSED [ 90%]
tests/unit/test_video_composer_focus.py::test_compose_background_only_path PASSED [ 90%]
tests/unit/test_video_composer_focus.py::test_compose_minimal_video_path PASSED [ 90%]
tests/unit/test_video_composer_focus.py::test_compose_custom_output_name PASSED [ 90%]
tests/unit/test_video_composer_focus.py::test_overlay_visualization_on_avatar_timeout PASSED [ 90%]
tests/unit/test_video_composer_focus.py::test_overlay_visualization_on_avatar_ffmpeg_error PASSED [ 90%]
tests/unit/test_video_composer_focus.py::test_overlay_visualization_on_avatar_nvenc_fallback PASSED [ 91%]
tests/unit/test_video_composer_focus.py::test_compose_avatar_background_visualization_missing_avatar PASSED [ 91%]
tests/unit/test_video_composer_focus.py::test_compose_avatar_background_visualization_empty_avatar PASSED [ 91%]
tests/unit/test_video_composer_focus.py::test_compose_avatar_background_visualization_ffprobe_success PASSED [ 91%]
tests/unit/test_video_composer_focus.py::test_compose_avatar_background_visualization_ffprobe_failure PASSED [ 91%]
tests/unit/test_video_composer_focus.py::test_compose_avatar_background_visualization_ffprobe_exception PASSED [ 91%]
tests/unit/test_video_composer_focus.py::test_compose_avatar_background_visualization_invalid_dimensions PASSED [ 91%]
tests/unit/test_video_composer_focus.py::test_compose_avatar_background_visualization_wider_avatar PASSED [ 91%]
tests/unit/test_video_composer_focus.py::test_compose_avatar_background_visualization_taller_avatar PASSED [ 91%]
tests/unit/test_video_composer_focus.py::test_compose_avatar_background_visualization_vertical_waveform_left PASSED [ 92%]
tests/unit/test_video_composer_focus.py::test_compose_avatar_background_visualization_vertical_waveform_right PASSED [ 92%]
tests/unit/test_video_composer_focus.py::test_compose_avatar_background_visualization_horizontal_waveform_top PASSED [ 92%]
tests/unit/test_video_composer_focus.py::test_compose_avatar_background_visualization_horizontal_waveform_middle PASSED [ 92%]
tests/unit/test_video_composer_focus.py::test_compose_avatar_background_visualization_timeout PASSED [ 92%]
tests/unit/test_video_composer_focus.py::test_compose_avatar_background_visualization_ffmpeg_error PASSED [ 92%]
tests/unit/test_video_composer_focus.py::test_compose_avatar_background_visualization_gpu_fallback PASSED [ 92%]
tests/unit/test_video_composer_focus.py::test_compose_visualization_with_background_success PASSED [ 92%]
tests/unit/test_video_composer_focus.py::test_compose_visualization_with_background_timeout PASSED [ 92%]
tests/unit/test_video_composer_focus.py::test_compose_visualization_with_background_ffmpeg_error PASSED [ 93%]
tests/unit/test_video_composer_focus.py::test_compose_visualization_with_background_nvenc PASSED [ 93%]
tests/unit/test_video_composer_focus.py::test_create_default_background_success PASSED [ 93%]
tests/unit/test_video_composer_focus.py::test_create_default_background_creates_cache_dir PASSED [ 93%]
tests/unit/test_video_composer_focus.py::test_compose_avatar_with_background_ffprobe_failure PASSED [ 93%]
tests/unit/test_video_composer_focus.py::test_compose_avatar_with_background_timeout PASSED [ 93%]
tests/unit/test_video_composer_focus.py::test_compose_avatar_with_background_ffmpeg_error PASSED [ 93%]
tests/unit/test_video_composer_focus.py::test_compose_avatar_with_background_exception_fallback PASSED [ 93%]
tests/unit/test_video_composer_focus.py::test_compose_avatar_background_visualization_gpu_encoding_success PASSED [ 93%]
tests/unit/test_video_composer_focus.py::test_compose_avatar_background_visualization_gpu_encoding_timeout PASSED [ 94%]
tests/unit/test_video_composer_focus.py::test_compose_avatar_background_visualization_gpu_encoding_error PASSED [ 94%]
tests/unit/test_video_composer_focus.py::test_compose_avatar_background_visualization_gpu_encoding_empty_output PASSED [ 94%]
tests/unit/test_video_composer_focus.py::test_cleanup_ffmpeg_process_stdin_close_exception PASSED [ 94%]
tests/unit/test_video_composer_focus.py::test_cleanup_ffmpeg_process_stderr_close_exception PASSED [ 94%]
tests/unit/test_video_composer_focus.py::test_cleanup_ffmpeg_process_stdout_close_exception PASSED [ 94%]
tests/unit/test_video_composer_focus.py::test_cleanup_ffmpeg_process_kill_exception PASSED [ 94%]
tests/unit/test_video_composer_focus.py::test_cleanup_ffmpeg_process_wait_exception PASSED [ 94%]
tests/unit/test_video_composer_focus.py::test_compose_raises_valueerror_on_invalid_audio PASSED [ 95%]
tests/unit/test_video_composer_focus.py::test_compose_avatar_exists_check PASSED [ 95%]
tests/unit/test_video_composer_focus.py::test_compose_quality_preset_legacy_strings PASSED [ 95%]
tests/unit/test_video_composer_focus.py::test_get_audio_duration_ffmpeg_returns_none PASSED [ 95%]
tests/unit/test_video_composer_focus.py::test_compose_avatar_background_visualization_audio_duration_none PASSED [ 95%]
tests/unit/test_video_composer_focus.py::test_compose_avatar_background_visualization_stderr_read_exception PASSED [ 95%]
tests/unit/test_video_composer_focus.py::test_compose_avatar_background_visualization_cpu_fallback PASSED [ 95%]
tests/unit/test_video_composer_focus.py::test_compose_avatar_with_background_gpu_setup_exception PASSED [ 95%]
tests/unit/test_video_composer_focus.py::test_compose_avatar_with_background_cpu_encoding PASSED [ 95%]
tests/unit/test_video_composer_focus.py::test_compose_avatar_with_background_exception_handling PASSED [ 96%]
tests/unit/test_video_composer_focus.py::test_compose_avatar_with_background_stderr_read_exception PASSED [ 96%]
tests/unit/test_video_composer_focus.py::test_compose_avatar_with_background_ffmpeg_error_returncode PASSED [ 96%]
tests/unit/test_video_composer_focus.py::test_compose_avatar_with_background_success_returncode PASSED [ 96%]
tests/unit/test_video_composer_focus.py::test_compose_avatar_with_background_stderr_text_handling PASSED [ 96%]
tests/unit/test_video_composer_focus.py::test_compose_avatar_with_background_avatar_dimensions_fallback PASSED [ 96%]
tests/unit/test_video_composer_focus.py::test_compose_avatar_with_background_avatar_aspect_ratio_scaling PASSED [ 96%]
tests/unit/test_video_composer_focus.py::test_compose_avatar_background_visualization_gpu_setup_exception PASSED [ 96%]
tests/unit/test_waveform_advanced_features.py::TestWaveformOrientationOffset::test_init_with_orientation_offset PASSED [ 96%]
tests/unit/test_waveform_advanced_features.py::TestWaveformOrientationOffset::test_orientation_offset_bottom PASSED [ 97%]
tests/unit/test_waveform_advanced_features.py::TestWaveformOrientationOffset::test_orientation_offset_top PASSED [ 97%]
tests/unit/test_waveform_advanced_features.py::TestWaveformRotation::test_init_with_rotation PASSED [ 97%]
tests/unit/test_waveform_advanced_features.py::TestWaveformRotation::test_rotation_zero PASSED [ 97%]
tests/unit/test_waveform_advanced_features.py::TestWaveformRotation::test_rotation_90_degrees PASSED [ 97%]
tests/unit/test_waveform_advanced_features.py::TestWaveformAmplitudeMultiplier::test_init_with_amplitude_multiplier PASSED [ 97%]
tests/unit/test_waveform_advanced_features.py::TestWaveformAmplitudeMultiplier::test_amplitude_multiplier_low PASSED [ 97%]
tests/unit/test_waveform_advanced_features.py::TestWaveformAmplitudeMultiplier::test_amplitude_multiplier_high PASSED [ 97%]
tests/unit/test_waveform_advanced_features.py::TestWaveformMultipleInstances::test_init_with_multiple_instances PASSED [ 97%]
tests/unit/test_waveform_advanced_features.py::TestWaveformMultipleInstances::test_instances_offset PASSED [ 98%]
tests/unit/test_waveform_advanced_features.py::TestWaveformMultipleInstances::test_instances_intersect PASSED [ 98%]
tests/unit/test_waveform_advanced_features.py::TestWaveformCombinedFeatures::test_all_features_combined PASSED [ 98%]
tests/unit/test_web_interface.py::TestGetGPUStatus::test_gpu_status_with_gpu PASSED [ 98%]
tests/unit/test_web_interface.py::TestGetGPUStatus::test_gpu_status_without_gpu PASSED [ 98%]
tests/unit/test_web_interface.py::TestCreatePodcast::test_create_podcast_success PASSED [ 98%]
tests/unit/test_web_interface.py::TestCreatePodcast::test_create_podcast_no_script_file PASSED [ 98%]
tests/unit/test_web_interface.py::TestCreatePodcast::test_create_podcast_with_music_file PASSED [ 98%]
tests/unit/test_web_interface.py::TestCreatePodcast::test_create_podcast_with_music_description PASSED [ 98%]
tests/unit/test_web_interface.py::TestCreatePodcast::test_create_podcast_exception_handling PASSED [ 99%]
tests/unit/test_web_interface.py::TestCreateGradioInterface::test_create_gradio_interface_returns_interface PASSED [ 99%]
tests/unit/test_web_interface.py::TestCreateGradioInterface::test_create_gradio_interface_creates_components PASSED [ 99%]
tests/unit/test_web_interface.py::TestLaunchWebInterface::test_launch_web_interface_calls_launch PASSED [ 99%]
tests/unit/test_web_interface.py::TestLaunchWebInterface::test_launch_web_interface_with_auth PASSED [ 99%]
tests/unit/test_web_interface.py::TestLaunchWebInterface::test_launch_web_interface_with_share PASSED [ 99%]
tests/unit/test_web_interface.py::TestVideoQualitySettings::test_video_quality_high PASSED [ 99%]
tests/unit/test_web_interface.py::TestVideoQualitySettings::test_video_quality_medium PASSED [ 99%]
tests/unit/test_web_interface.py::TestVideoQualitySettings::test_video_quality_low PASSED [100%]

============================== warnings summary ===============================
venv\Lib\site-packages\librosa\util\files.py:10
  D:\dev\AI_Podcast_Creator\venv\Lib\site-packages\librosa\util\files.py:10: DeprecationWarning: pkg_resources is deprecated as an API. See https://setuptools.pypa.io/en/latest/pkg_resources.html
    from pkg_resources import resource_filename

tests/unit/test_avatar_generator.py::TestAvatarGeneratorEdgeCases::test_generate_wav2lip_creates_script
  D:\dev\AI_Podcast_Creator\venv\Lib\site-packages\face_alignment\api.py:147: UserWarning: No faces were detected.
    warnings.warn("No faces were detected.")

tests/unit/test_gpu_utilization.py::TestGPUUtilizationThresholds::test_component_minimum_gpu_utilization[avatar_generation-50.0]
tests/unit/test_music_generator.py::TestMusicGeneratorMusicGen::test_generate_musicgen_cpu
tests/unit/test_script_parser.py::test_music_cue_counts[[MUSIC: test]-1]
tests/unit/test_tts_engine_expansion.py::TestTTSEngineRetryLogic::test_gtts_retry_on_first_failure
tests/unit/test_tts_engine_focus.py::test_generate_gtts_retry_then_failure
tests/unit/test_tts_engine_focus.py::test_gtts_retry_then_success
tests/unit/test_tts_engine_real.py::TestTTSEngineEdgeCases::test_retry_on_network_error
  D:\dev\AI_Podcast_Creator\venv\Lib\site-packages\_pytest\unraisableexception.py:67: PytestUnraisableExceptionWarning: Exception ignored in: <function Variable.__del__ at 0x0000026B762D2340>
  
  Traceback (most recent call last):
    File "C:\Program Files\WindowsApps\PythonSoftwareFoundation.Python.3.13_3.13.2544.0_x64__qbz5n2kfra8p0\Lib\tkinter\__init__.py", line 414, in __del__
      if self._tk.getboolean(self._tk.call("info", "exists", self._name)):
                             ~~~~~~~~~~~~~^^^^^^^^^^^^^^^^^^^^^^^^^^^^^^
  RuntimeError: main thread is not in main loop
  
  Enable tracemalloc to get traceback where the object was allocated.
  See https://docs.pytest.org/en/stable/how-to/capture-warnings.html#resource-warnings for more info.
    warnings.warn(pytest.PytestUnraisableExceptionWarning(msg))

-- Docs: https://docs.pytest.org/en/stable/how-to/capture-warnings.html
========== 770 passed, 113 skipped, 9 warnings in 125.47s (0:02:05) ===========
